Archive member included to satisfy reference by file (symbol)

.\CortexM3\ARM_GCC_541\Debug\IncubadoraRefrigerada.a(CyDmac.o)
                              .\CortexM3\ARM_GCC_541\Debug\Cm3Start.o (CyDmacConfigure)
.\CortexM3\ARM_GCC_541\Debug\IncubadoraRefrigerada.a(CyLib.o)
                              .\CortexM3\ARM_GCC_541\Debug\Cm3Start.o (CyHalt)
.\CortexM3\ARM_GCC_541\Debug\IncubadoraRefrigerada.a(cyPm.o)
                              .\CortexM3\ARM_GCC_541\Debug\IncubadoraRefrigerada.a(CyLib.o) (CyPmReadStatus)
.\CortexM3\ARM_GCC_541\Debug\IncubadoraRefrigerada.a(ADC.o)
                              .\CortexM3\ARM_GCC_541\Debug\main.o (ADC_Start)
.\CortexM3\ARM_GCC_541\Debug\IncubadoraRefrigerada.a(ADC_INT.o)
                              .\CortexM3\ARM_GCC_541\Debug\IncubadoraRefrigerada.a(ADC.o) (ADC_ISR1)
.\CortexM3\ARM_GCC_541\Debug\IncubadoraRefrigerada.a(ADC_Ext_CP_Clk.o)
                              .\CortexM3\ARM_GCC_541\Debug\IncubadoraRefrigerada.a(ADC.o) (ADC_Ext_CP_Clk_SetModeRegister)
.\CortexM3\ARM_GCC_541\Debug\IncubadoraRefrigerada.a(ADC_theACLK.o)
                              .\CortexM3\ARM_GCC_541\Debug\IncubadoraRefrigerada.a(ADC.o) (ADC_theACLK_SetModeRegister)
.\CortexM3\ARM_GCC_541\Debug\IncubadoraRefrigerada.a(Reloj.o)
                              .\CortexM3\ARM_GCC_541\Debug\main.o (Reloj_StartEx)
.\CortexM3\ARM_GCC_541\Debug\IncubadoraRefrigerada.a(USBUART.o)
                              .\CortexM3\ARM_GCC_541\Debug\main.o (USBUART_Start)
.\CortexM3\ARM_GCC_541\Debug\IncubadoraRefrigerada.a(USBUART_cdc.o)
                              .\CortexM3\ARM_GCC_541\Debug\main.o (USBUART_CDC_Init)
.\CortexM3\ARM_GCC_541\Debug\IncubadoraRefrigerada.a(USBUART_drv.o)
                              .\CortexM3\ARM_GCC_541\Debug\IncubadoraRefrigerada.a(USBUART.o) (USBUART_lastPacketSize)
.\CortexM3\ARM_GCC_541\Debug\IncubadoraRefrigerada.a(USBUART_episr.o)
                              .\CortexM3\ARM_GCC_541\Debug\IncubadoraRefrigerada.a(USBUART.o) (USBUART_EP_1_ISR)
.\CortexM3\ARM_GCC_541\Debug\IncubadoraRefrigerada.a(USBUART_pm.o)
                              .\CortexM3\ARM_GCC_541\Debug\IncubadoraRefrigerada.a(USBUART.o) (USBUART_DP_ISR)
.\CortexM3\ARM_GCC_541\Debug\IncubadoraRefrigerada.a(USBUART_std.o)
                              .\CortexM3\ARM_GCC_541\Debug\IncubadoraRefrigerada.a(USBUART_pm.o) (USBUART_ConfigReg)
.\CortexM3\ARM_GCC_541\Debug\IncubadoraRefrigerada.a(USBUART_vnd.o)
                              .\CortexM3\ARM_GCC_541\Debug\IncubadoraRefrigerada.a(USBUART_drv.o) (USBUART_HandleVendorRqst)
.\CortexM3\ARM_GCC_541\Debug\IncubadoraRefrigerada.a(USBUART_Dp.o)
                              .\CortexM3\ARM_GCC_541\Debug\IncubadoraRefrigerada.a(USBUART.o) (USBUART_Dp_ClearInterrupt)
.\CortexM3\ARM_GCC_541\Debug\IncubadoraRefrigerada.a(UART_1.o)
                              .\CortexM3\ARM_GCC_541\Debug\main.o (UART_1_Start)
.\CortexM3\ARM_GCC_541\Debug\IncubadoraRefrigerada.a(UART_1_IntClock.o)
                              .\CortexM3\ARM_GCC_541\Debug\IncubadoraRefrigerada.a(UART_1.o) (UART_1_IntClock_Start)
.\CortexM3\ARM_GCC_541\Debug\IncubadoraRefrigerada.a(Timer.o)
                              .\CortexM3\ARM_GCC_541\Debug\main.o (Timer_Start)
.\CortexM3\ARM_GCC_541\Debug\IncubadoraRefrigerada.a(ADCMux.o)
                              .\CortexM3\ARM_GCC_541\Debug\main.o (ADCMux_Start)
.\CortexM3\ARM_GCC_541\Debug\IncubadoraRefrigerada.a(RX2.o)
                              .\CortexM3\ARM_GCC_541\Debug\main.o (RX2_StartEx)
.\CortexM3\ARM_GCC_541\Debug\IncubadoraRefrigerada.a(EEPROM.o)
                              .\CortexM3\ARM_GCC_541\Debug\main.o (EEPROM_Start)
.\CortexM3\ARM_GCC_541\Debug\IncubadoraRefrigerada.a(SSR.o)
                              .\CortexM3\ARM_GCC_541\Debug\main.o (SSR_Write)
.\CortexM3\ARM_GCC_541\Debug\IncubadoraRefrigerada.a(DOOR.o)
                              .\CortexM3\ARM_GCC_541\Debug\main.o (DOOR_Read)
.\CortexM3\ARM_GCC_541\Debug\IncubadoraRefrigerada.a(LCD1.o)
                              .\CortexM3\ARM_GCC_541\Debug\main.o (LCD1_Write)
.\CortexM3\ARM_GCC_541\Debug\IncubadoraRefrigerada.a(LCD2.o)
                              .\CortexM3\ARM_GCC_541\Debug\main.o (LCD2_Write)
.\CortexM3\ARM_GCC_541\Debug\IncubadoraRefrigerada.a(ADC_SAR.o)
                              .\CortexM3\ARM_GCC_541\Debug\main.o (ADC_SAR_Start)
.\CortexM3\ARM_GCC_541\Debug\IncubadoraRefrigerada.a(ADC_SAR_INT.o)
                              .\CortexM3\ARM_GCC_541\Debug\IncubadoraRefrigerada.a(ADC_SAR.o) (ADC_SAR_ISR)
.\CortexM3\ARM_GCC_541\Debug\IncubadoraRefrigerada.a(ADC_SAR_IRQ.o)
                              .\CortexM3\ARM_GCC_541\Debug\IncubadoraRefrigerada.a(ADC_SAR.o) (ADC_SAR_IRQ_SetVector)
.\CortexM3\ARM_GCC_541\Debug\IncubadoraRefrigerada.a(I2C.o)
                              .\CortexM3\ARM_GCC_541\Debug\main.o (I2C_Start)
.\CortexM3\ARM_GCC_541\Debug\IncubadoraRefrigerada.a(I2C_INT.o)
[...]
Memory Configuration

Name             Origin             Length             Attributes
rom              0x00000000         0x00040000         xr
ram              0x1fff8000         0x00010000         xrw
*default*        0x00000000         0xffffffff

Linker script and memory map

LOAD c:/program files (x86)/cypress/psoc creator/4.3/psoc creator/import/gnu/arm/5.4.1/bin/../lib/gcc/arm-none-eabi/5.4.1/armv7-m/crti.o
LOAD c:/program files (x86)/cypress/psoc creator/4.3/psoc creator/import/gnu/arm/5.4.1/bin/../lib/gcc/arm-none-eabi/5.4.1/armv7-m/crtbegin.o
LOAD c:/program files (x86)/cypress/psoc creator/4.3/psoc creator/import/gnu/arm/5.4.1/bin/../lib/gcc/arm-none-eabi/5.4.1/../../../../arm-none-eabi/lib/armv7-m/crt0.o
START GROUP
LOAD .\CortexM3\ARM_GCC_541\Debug\main.o
LOAD .\CortexM3\ARM_GCC_541\Debug\getResistance.o
LOAD .\CortexM3\ARM_GCC_541\Debug\removeOffsetNoise.o
LOAD .\CortexM3\ARM_GCC_541\Debug\DS1302.o
LOAD .\CortexM3\ARM_GCC_541\Debug\BMP180.o
LOAD .\CortexM3\ARM_GCC_541\Debug\cyfitter_cfg.o
LOAD .\CortexM3\ARM_GCC_541\Debug\cymetadata.o
LOAD .\CortexM3\ARM_GCC_541\Debug\Cm3Start.o
LOAD .\CortexM3\ARM_GCC_541\Debug\IncubadoraRefrigerada.a
LOAD C:\Program Files (x86)\Cypress\PSoC Creator\4.3\PSoC Creator\psoc\content\cycomponentlibrary\CyComponentLibrary.cylib\CortexM3\ARM_GCC_541\Debug\CyComponentLibrary.a
LOAD c:/program files (x86)/cypress/psoc creator/4.3/psoc creator/import/gnu/arm/5.4.1/bin/../lib/gcc/arm-none-eabi/5.4.1/../../../../arm-none-eabi/lib/armv7-m\libm.a
END GROUP
START GROUP
LOAD c:/program files (x86)/cypress/psoc creator/4.3/psoc creator/import/gnu/arm/5.4.1/bin/../lib/gcc/arm-none-eabi/5.4.1/armv7-m\libgcc.a
LOAD c:/program files (x86)/cypress/psoc creator/4.3/psoc creator/import/gnu/arm/5.4.1/bin/../lib/gcc/arm-none-eabi/5.4.1/../../../../arm-none-eabi/lib/armv7-m\libg_nano.a
LOAD c:/program files (x86)/cypress/psoc creator/4.3/psoc creator/import/gnu/arm/5.4.1/bin/../lib/gcc/arm-none-eabi/5.4.1/../../../../arm-none-eabi/lib/armv7-m\libc_nano.a
END GROUP
START GROUP
LOAD c:/program files (x86)/cypress/psoc creator/4.3/psoc creator/import/gnu/arm/5.4.1/bin/../lib/gcc/arm-none-eabi/5.4.1/armv7-m\libgcc.a
LOAD c:/program files (x86)/cypress/psoc creator/4.3/psoc creator/import/gnu/arm/5.4.1/bin/../lib/gcc/arm-none-eabi/5.4.1/../../../../arm-none-eabi/lib/armv7-m\libc_nano.a
END GROUP
LOAD c:/program files (x86)/cypress/psoc creator/4.3/psoc creator/import/gnu/arm/5.4.1/bin/../lib/gcc/arm-none-eabi/5.4.1/armv7-m/crtend.o
LOAD c:/program files (x86)/cypress/psoc creator/4.3/psoc creator/import/gnu/arm/5.4.1/bin/../lib/gcc/arm-none-eabi/5.4.1/armv7-m/crtn.o
START GROUP
LOAD c:/program files (x86)/cypress/psoc creator/4.3/psoc creator/import/gnu/arm/5.4.1/bin/../lib/gcc/arm-none-eabi/5.4.1/armv7-m\libgcc.a
LOAD c:/program files (x86)/cypress/psoc creator/4.3/psoc creator/import/gnu/arm/5.4.1/bin/../lib/gcc/arm-none-eabi/5.4.1/../../../../arm-none-eabi/lib/armv7-m\libc.a
LOAD c:/program files (x86)/cypress/psoc creator/4.3/psoc creator/import/gnu/arm/5.4.1/bin/../lib/gcc/arm-none-eabi/5.4.1/../../../../arm-none-eabi/lib/armv7-m\libnosys.a
END GROUP
                0x00000000                CY_APPL_ORIGIN = 0x0
                0x00000100                CY_FLASH_ROW_SIZE = 0x100
                0x00000020                CY_ECC_ROW_SIZE = 0x20
                0x00000000                CY_EE_IN_BTLDR = 0x0
                0x00000000                CY_APPL_LOADABLE = 0x0
                0x00000800                CY_EE_SIZE = 0x800
                0x00000001                CY_APPL_NUM = 0x1
                0x00000001                CY_APPL_MAX = 0x1
                0x00000040                CY_METADATA_SIZE = 0x40
                0x00000000                CY_APPL_LOADABLE = 0x0
                0x00000000                CY_CHECKSUM_EXCLUDE_SIZE = ALIGN (0x0, CY_FLASH_ROW_SIZE)
                [!provide]                PROVIDE (__cy_heap_start, _end)
                0x00000001                PROVIDE (__cy_region_num, ((__cy_regions_end - __cy_regions) / 0x10))
                0x20008000                PROVIDE (__cy_stack, (ORIGIN (ram) + LENGTH (ram)))
                [!provide]                PROVIDE (__cy_heap_end, (__cy_stack - 0x800))

.cybootloader   0x00000000        0x0
 *(.cybootloader)
                0x00000000                appl1_start = CY_APPL_ORIGIN?CY_APPL_ORIGIN:ALIGN (CY_FLASH_ROW_SIZE)
                0x0001ff00                appl2_start = (appl1_start + ALIGN ((((LENGTH (rom) - appl1_start) - (0x2 * CY_FLASH_ROW_SIZE)) / 0x2), CY_FLASH_ROW_SIZE))
                0x00000000                appl_start = (CY_APPL_NUM == 0x1)?appl1_start:appl2_start
                0x00000000                ecc_offset = ((appl_start / CY_FLASH_ROW_SIZE) * CY_ECC_ROW_SIZE)
                0x00000000                ee_offset = (CY_APPL_LOADABLE && ! (CY_EE_IN_BTLDR))?((CY_EE_SIZE / CY_APPL_MAX) * (CY_APPL_NUM - 0x1)):0x0
                0x00000800                ee_size = (CY_APPL_LOADABLE && ! (CY_EE_IN_BTLDR))?(CY_EE_SIZE / CY_APPL_MAX):CY_EE_SIZE
                [!provide]                PROVIDE (CY_ECC_OFFSET, ecc_offset)

.text           0x00000000     0xcd0c
 CREATE_OBJECT_SYMBOLS
                0x00000000                PROVIDE (__cy_interrupt_vector, RomVectors)
 *(.romvectors)
 .romvectors    0x00000000       0x10 .\CortexM3\ARM_GCC_541\Debug\Cm3Start.o
                0x00000000                RomVectors
                0x00000001                ASSERT ((. != __cy_interrupt_vector), No interrupt vector)
                0x00000001                ASSERT (CY_APPL_ORIGIN?(SIZEOF (.cybootloader) <= CY_APPL_ORIGIN):0x1, Wrong image location)
                0x00000010                PROVIDE (__cy_reset, Reset)
 *(.text.Reset)
 .text.Reset    0x00000010       0x18 .\CortexM3\ARM_GCC_541\Debug\Cm3Start.o
                0x00000010                Reset
                0x00000001                ASSERT ((. != __cy_reset), No reset code)
 *(.dma_init)
                0x00000001                ASSERT ((((appl_start + .) <= 0x10000) || 0x1), DMA Init must be within the first 64k of flash)
 *(.text .text.* .gnu.linkonce.t.*)
 .text          0x00000028       0x5c c:/program files (x86)/cypress/psoc creator/4.3/psoc creator/import/gnu/arm/5.4.1/bin/../lib/gcc/arm-none-eabi/5.4.1/armv7-m/crtbegin.o
 .text.Reloj2   0x00000084      0x1dc .\CortexM3\ARM_GCC_541\Debug\main.o
                0x00000084                Reloj2
 .text.inteRX   0x00000260       0x94 .\CortexM3\ARM_GCC_541\Debug\main.o
                0x00000260                inteRX
 *fill*         0x000002f4        0x4 
 .text.LeeEEPROM
                0x000002f8      0x3b8 .\CortexM3\ARM_GCC_541\Debug\main.o
                0x000002f8                LeeEEPROM
 .text.LimitaValores
                0x000006b0      0x320 .\CortexM3\ARM_GCC_541\Debug\main.o
                0x000006b0                LimitaValores
 .text.ActualizaRecta
                0x000009d0       0xdc .\CortexM3\ARM_GCC_541\Debug\main.o
                0x000009d0                ActualizaRecta
 *fill*         0x00000aac        0x4 
 .text.Controla
                0x00000ab0      0xb20 .\CortexM3\ARM_GCC_541\Debug\main.o
                0x00000ab0                Controla
 .text.CuentaTiempo
                0x000015d0       0x5c .\CortexM3\ARM_GCC_541\Debug\main.o
                0x000015d0                CuentaTiempo
 .text.iniciaConteo
                0x0000162c       0x84 .\CortexM3\ARM_GCC_541\Debug\main.o
                0x0000162c                iniciaConteo
 .text.escribeDisplay1
                0x000016b0       0x34 .\CortexM3\ARM_GCC_541\Debug\main.o
                0x000016b0                escribeDisplay1
 .text.LeeDisplay
                0x000016e4      0x3c4 .\CortexM3\ARM_GCC_541\Debug\main.o
                0x000016e4                LeeDisplay
 .text.controlaRampa
                0x00001aa8      0x2b4 .\CortexM3\ARM_GCC_541\Debug\main.o
                0x00001aa8                controlaRampa
 .text.leePt100
                0x00001d5c      0x144 .\CortexM3\ARM_GCC_541\Debug\main.o
                0x00001d5c                leePt100
 .text.leePt1002
                0x00001ea0      0x144 .\CortexM3\ARM_GCC_541\Debug\main.o
                0x00001ea0                leePt1002
 .text.LowPassFilter
                0x00001fe4       0x24 .\CortexM3\ARM_GCC_541\Debug\main.o
                0x00001fe4                LowPassFilter
 .text.leeLM35  0x00002008       0x90 .\CortexM3\ARM_GCC_541\Debug\main.o
                0x00002008                leeLM35
 .text.esBisiesto
                0x00002098       0x2c .\CortexM3\ARM_GCC_541\Debug\main.o
                0x00002098                esBisiesto
 .text.LimitaDia
                0x000020c4       0xb0 .\CortexM3\ARM_GCC_541\Debug\main.o
                0x000020c4                LimitaDia
 .text.ApagaSalidas
                0x00002174       0x40 .\CortexM3\ARM_GCC_541\Debug\main.o
                0x00002174                ApagaSalidas
 *fill*         0x000021b4        0x4 
 .text.controlaTemperatura
                0x000021b8      0x2ac .\CortexM3\ARM_GCC_541\Debug\main.o
                0x000021b8                controlaTemperatura
 *fill*         0x00002464        0x4 
 .text.main     0x00002468     0x3c94 .\CortexM3\ARM_GCC_541\Debug\main.o
                0x00002468                main
 .text.extraeDecimal
                0x000060fc       0x28 .\CortexM3\ARM_GCC_541\Debug\getResistance.o
                0x000060fc                extraeDecimal
 .text.inttofloat
                0x00006124       0x14 .\CortexM3\ARM_GCC_541\Debug\getResistance.o
                0x00006124                inttofloat
 .text.MeasureRefResVoltage
                0x00006138       0x34 .\CortexM3\ARM_GCC_541\Debug\getResistance.o
                0x00006138                MeasureRefResVoltage
 .text.GetRTDRes
                0x0000616c       0x80 .\CortexM3\ARM_GCC_541\Debug\getResistance.o
                0x0000616c                GetRTDRes
 .text.FilterSignal
                0x000061ec       0x3c .\CortexM3\ARM_GCC_541\Debug\removeOffsetNoise.o
                0x000061ec                FilterSignal
 .text.GetOffset
                0x00006228       0x18 .\CortexM3\ARM_GCC_541\Debug\removeOffsetNoise.o
                0x00006228                GetOffset
 .text._DS1302_start
                0x00006240       0x1c .\CortexM3\ARM_GCC_541\Debug\DS1302.o
                0x00006240                _DS1302_start
 .text._DS1302_stop
                0x0000625c       0x10 .\CortexM3\ARM_GCC_541\Debug\DS1302.o
                0x0000625c                _DS1302_stop
 .text._DS1302_togglewrite
                0x0000626c       0x44 .\CortexM3\ARM_GCC_541\Debug\DS1302.o
                0x0000626c                _DS1302_togglewrite
 .text._DS1302_toggleread
                0x000062b0       0x44 .\CortexM3\ARM_GCC_541\Debug\DS1302.o
                0x000062b0                _DS1302_toggleread
 .text.DS1302_clock_burst_write
                0x000062f4       0x2c .\CortexM3\ARM_GCC_541\Debug\DS1302.o
                0x000062f4                DS1302_clock_burst_write
 .text.DS1302_write
                0x00006320       0x24 .\CortexM3\ARM_GCC_541\Debug\DS1302.o
                0x00006320                DS1302_write
 .text.DS1302_clock_burst_read
                0x00006344       0x2c .\CortexM3\ARM_GCC_541\Debug\DS1302.o
                0x00006344                DS1302_clock_burst_read
 .text.rtc_set_datetime
                0x00006370       0xac .\CortexM3\ARM_GCC_541\Debug\DS1302.o
                0x00006370                rtc_set_datetime
 .text.rtc_get_date
                0x0000641c       0x64 .\CortexM3\ARM_GCC_541\Debug\DS1302.o
                0x0000641c                rtc_get_date
 .text.rtc_get_time
                0x00006480       0x54 .\CortexM3\ARM_GCC_541\Debug\DS1302.o
                0x00006480                rtc_get_time
 .text.CyClockStartupError
                0x000064d4        0x4 .\CortexM3\ARM_GCC_541\Debug\cyfitter_cfg.o
 .text.cfg_write_bytes32
                0x000064d8       0x34 .\CortexM3\ARM_GCC_541\Debug\cyfitter_cfg.o
 .text.CYMEMZERO
                0x0000650c        0xc .\CortexM3\ARM_GCC_541\Debug\cyfitter_cfg.o
 .text.AnalogSetDefault
                0x00006518       0x9c .\CortexM3\ARM_GCC_541\Debug\cyfitter_cfg.o
 .text.CYCONFIGCPY
                0x000065b4        0x8 .\CortexM3\ARM_GCC_541\Debug\cyfitter_cfg.o
 .text.ClockSetup
                0x000065bc      0x104 .\CortexM3\ARM_GCC_541\Debug\cyfitter_cfg.o
 .text.ADCMux_CYAMUXSIDE_A_Set
                0x000066c0       0x34 .\CortexM3\ARM_GCC_541\Debug\cyfitter_cfg.o
                0x000066c0                ADCMux_CYAMUXSIDE_A_Set
 .text.ADCMux_CYAMUXSIDE_A_Unset
                0x000066f4       0x38 .\CortexM3\ARM_GCC_541\Debug\cyfitter_cfg.o
                0x000066f4                ADCMux_CYAMUXSIDE_A_Unset
 .text.ADCMux_CYAMUXSIDE_B_Set
                0x0000672c       0x3c .\CortexM3\ARM_GCC_541\Debug\cyfitter_cfg.o
                0x0000672c                ADCMux_CYAMUXSIDE_B_Set
 .text.ADCMux_CYAMUXSIDE_B_Unset
                0x00006768       0x40 .\CortexM3\ARM_GCC_541\Debug\cyfitter_cfg.o
                0x00006768                ADCMux_CYAMUXSIDE_B_Unset
 .text.CurrentMux_Set
                0x000067a8       0x3c .\CortexM3\ARM_GCC_541\Debug\cyfitter_cfg.o
                0x000067a8                CurrentMux_Set
 .text.CurrentMux_Unset
                0x000067e4       0x40 .\CortexM3\ARM_GCC_541\Debug\cyfitter_cfg.o
                0x000067e4                CurrentMux_Unset
 .text.cyfitter_cfg
                0x00006824      0x19c .\CortexM3\ARM_GCC_541\Debug\cyfitter_cfg.o
                0x00006824                cyfitter_cfg
 .text.IntDefaultHandler
                0x000069c0       0x10 .\CortexM3\ARM_GCC_541\Debug\Cm3Start.o
                0x000069c0                IntDefaultHandler
 .text._sbrk    0x000069d0       0x30 .\CortexM3\ARM_GCC_541\Debug\Cm3Start.o
                0x000069d0                _sbrk
 .text.Start_c  0x00006a00       0x4c .\CortexM3\ARM_GCC_541\Debug\Cm3Start.o
                0x00006a00                Start_c
 .text.initialize_psoc
                0x00006a4c       0x6c .\CortexM3\ARM_GCC_541\Debug\Cm3Start.o
                0x00006a4c                initialize_psoc
 .text.CyDmacConfigure
                0x00006ab8       0x34 .\CortexM3\ARM_GCC_541\Debug\IncubadoraRefrigerada.a(CyDmac.o)
                0x00006ab8                CyDmacConfigure
 .text.CyDmaChEnable
                0x00006aec       0x38 .\CortexM3\ARM_GCC_541\Debug\IncubadoraRefrigerada.a(CyDmac.o)
                0x00006aec                CyDmaChEnable
 .text.CyDmaClearPendingDrq
                0x00006b24       0x28 .\CortexM3\ARM_GCC_541\Debug\IncubadoraRefrigerada.a(CyDmac.o)
                0x00006b24                CyDmaClearPendingDrq
 .text.CyDmaChPriority
                0x00006b4c       0x24 .\CortexM3\ARM_GCC_541\Debug\IncubadoraRefrigerada.a(CyDmac.o)
                0x00006b4c                CyDmaChPriority
 .text.CyDmaChSetExtendedAddress
                0x00006b70       0x34 .\CortexM3\ARM_GCC_541\Debug\IncubadoraRefrigerada.a(CyDmac.o)
                0x00006b70                CyDmaChSetExtendedAddress
 .text.CyDmaChSetInitialTd
                0x00006ba4       0x18 .\CortexM3\ARM_GCC_541\Debug\IncubadoraRefrigerada.a(CyDmac.o)
                0x00006ba4                CyDmaChSetInitialTd
 .text.CyDmaChSetConfiguration
                0x00006bbc       0x44 .\CortexM3\ARM_GCC_541\Debug\IncubadoraRefrigerada.a(CyDmac.o)
                0x00006bbc                CyDmaChSetConfiguration
 .text.CyDmaTdAllocate
                0x00006c00       0x34 .\CortexM3\ARM_GCC_541\Debug\IncubadoraRefrigerada.a(CyDmac.o)
                0x00006c00                CyDmaTdAllocate
 .text.CyDmaTdSetConfiguration
                0x00006c34       0x28 .\CortexM3\ARM_GCC_541\Debug\IncubadoraRefrigerada.a(CyDmac.o)
                0x00006c34                CyDmaTdSetConfiguration
 .text.CyDmaTdSetAddress
                0x00006c5c       0x1c .\CortexM3\ARM_GCC_541\Debug\IncubadoraRefrigerada.a(CyDmac.o)
                0x00006c5c                CyDmaTdSetAddress
 .text.CyHalt   0x00006c78        0x4 .\CortexM3\ARM_GCC_541\Debug\IncubadoraRefrigerada.a(CyLib.o)
                0x00006c78                CyHalt
 .text.CySoftwareReset
                0x00006c7c       0x10 .\CortexM3\ARM_GCC_541\Debug\IncubadoraRefrigerada.a(CyLib.o)
                0x00006c7c                CySoftwareReset
 .text.CyDelay  0x00006c8c       0x2c .\CortexM3\ARM_GCC_541\Debug\IncubadoraRefrigerada.a(CyLib.o)
                0x00006c8c                CyDelay
 .text.CyDelayUs
                0x00006cb8       0x14 .\CortexM3\ARM_GCC_541\Debug\IncubadoraRefrigerada.a(CyLib.o)
                0x00006cb8                CyDelayUs
 .text.CyIntSetVector
                0x00006ccc       0x28 .\CortexM3\ARM_GCC_541\Debug\IncubadoraRefrigerada.a(CyLib.o)
                0x00006ccc                CyIntSetVector
 .text.CyIntSetPriority
                0x00006cf4       0x30 .\CortexM3\ARM_GCC_541\Debug\IncubadoraRefrigerada.a(CyLib.o)
                0x00006cf4                CyIntSetPriority
 .text.CyGetUniqueId
                0x00006d24       0x70 .\CortexM3\ARM_GCC_541\Debug\IncubadoraRefrigerada.a(CyLib.o)
                0x00006d24                CyGetUniqueId
 .text.ADC_GainCompensation
                0x00006d94       0xdc .\CortexM3\ARM_GCC_541\Debug\IncubadoraRefrigerada.a(ADC.o)
 .text.ADC_SetDSMRef0Reg
                0x00006e70       0x4c .\CortexM3\ARM_GCC_541\Debug\IncubadoraRefrigerada.a(ADC.o)
 .text.ADC_InitConfig
                0x00006ebc       0xe4 .\CortexM3\ARM_GCC_541\Debug\IncubadoraRefrigerada.a(ADC.o)
 .text.ADC_Init
                0x00006fa0       0xc4 .\CortexM3\ARM_GCC_541\Debug\IncubadoraRefrigerada.a(ADC.o)
                0x00006fa0                ADC_Init
 .text.ADC_Enable
                0x00007064       0xd8 .\CortexM3\ARM_GCC_541\Debug\IncubadoraRefrigerada.a(ADC.o)
                0x00007064                ADC_Enable
 .text.ADC_Start
                0x0000713c       0x28 .\CortexM3\ARM_GCC_541\Debug\IncubadoraRefrigerada.a(ADC.o)
                0x0000713c                ADC_Start
 .text.ADC_StartConvert
                0x00007164       0x10 .\CortexM3\ARM_GCC_541\Debug\IncubadoraRefrigerada.a(ADC.o)
                0x00007164                ADC_StartConvert
 .text.ADC_StopConvert
                0x00007174       0x10 .\CortexM3\ARM_GCC_541\Debug\IncubadoraRefrigerada.a(ADC.o)
                0x00007174                ADC_StopConvert
 .text.ADC_IsEndConversion
                0x00007184       0x30 .\CortexM3\ARM_GCC_541\Debug\IncubadoraRefrigerada.a(ADC.o)
                0x00007184                ADC_IsEndConversion
 .text.ADC_GetResult32
                0x000071b4       0x6c .\CortexM3\ARM_GCC_541\Debug\IncubadoraRefrigerada.a(ADC.o)
                0x000071b4                ADC_GetResult32
 .text.ADC_ISR1
                0x00007220       0x14 .\CortexM3\ARM_GCC_541\Debug\IncubadoraRefrigerada.a(ADC_INT.o)
                0x00007220                ADC_ISR1
 .text.ADC_Ext_CP_Clk_GetDividerRegister
                0x00007234        0xc .\CortexM3\ARM_GCC_541\Debug\IncubadoraRefrigerada.a(ADC_Ext_CP_Clk.o)
                0x00007234                ADC_Ext_CP_Clk_GetDividerRegister
 .text.ADC_Ext_CP_Clk_SetModeRegister
                0x00007240       0x14 .\CortexM3\ARM_GCC_541\Debug\IncubadoraRefrigerada.a(ADC_Ext_CP_Clk.o)
                0x00007240                ADC_Ext_CP_Clk_SetModeRegister
 .text.ADC_Ext_CP_Clk_GetSourceRegister
                0x00007254       0x10 .\CortexM3\ARM_GCC_541\Debug\IncubadoraRefrigerada.a(ADC_Ext_CP_Clk.o)
                0x00007254                ADC_Ext_CP_Clk_GetSourceRegister
 .text.ADC_Ext_CP_Clk_SetDividerRegister
                0x00007264       0xd8 .\CortexM3\ARM_GCC_541\Debug\IncubadoraRefrigerada.a(ADC_Ext_CP_Clk.o)
                0x00007264                ADC_Ext_CP_Clk_SetDividerRegister
 .text.ADC_theACLK_GetDividerRegister
                0x0000733c        0xc .\CortexM3\ARM_GCC_541\Debug\IncubadoraRefrigerada.a(ADC_theACLK.o)
                0x0000733c                ADC_theACLK_GetDividerRegister
 .text.ADC_theACLK_SetModeRegister
                0x00007348       0x14 .\CortexM3\ARM_GCC_541\Debug\IncubadoraRefrigerada.a(ADC_theACLK.o)
                0x00007348                ADC_theACLK_SetModeRegister
 .text.ADC_theACLK_GetSourceRegister
                0x0000735c       0x10 .\CortexM3\ARM_GCC_541\Debug\IncubadoraRefrigerada.a(ADC_theACLK.o)
                0x0000735c                ADC_theACLK_GetSourceRegister
 .text.ADC_theACLK_SetDividerRegister
                0x0000736c       0xd8 .\CortexM3\ARM_GCC_541\Debug\IncubadoraRefrigerada.a(ADC_theACLK.o)
                0x0000736c                ADC_theACLK_SetDividerRegister
 .text.Reloj_SetVector
                0x00007444        0xc .\CortexM3\ARM_GCC_541\Debug\IncubadoraRefrigerada.a(Reloj.o)
                0x00007444                Reloj_SetVector
 .text.Reloj_SetPriority
                0x00007450       0x10 .\CortexM3\ARM_GCC_541\Debug\IncubadoraRefrigerada.a(Reloj.o)
                0x00007450                Reloj_SetPriority
 .text.Reloj_Enable
                0x00007460        0xc .\CortexM3\ARM_GCC_541\Debug\IncubadoraRefrigerada.a(Reloj.o)
                0x00007460                Reloj_Enable
 .text.Reloj_Disable
                0x0000746c        0xc .\CortexM3\ARM_GCC_541\Debug\IncubadoraRefrigerada.a(Reloj.o)
                0x0000746c                Reloj_Disable
 .text.Reloj_StartEx
                0x00007478       0x1c .\CortexM3\ARM_GCC_541\Debug\IncubadoraRefrigerada.a(Reloj.o)
                0x00007478                Reloj_StartEx
 .text.USBUART_Init
                0x00007494      0x140 .\CortexM3\ARM_GCC_541\Debug\IncubadoraRefrigerada.a(USBUART.o)
                0x00007494                USBUART_Init
 .text.USBUART_InitComponent
                0x000075d4       0xb8 .\CortexM3\ARM_GCC_541\Debug\IncubadoraRefrigerada.a(USBUART.o)
                0x000075d4                USBUART_InitComponent
 .text.USBUART_Start
                0x0000768c       0x24 .\CortexM3\ARM_GCC_541\Debug\IncubadoraRefrigerada.a(USBUART.o)
                0x0000768c                USBUART_Start
 .text.USBUART_ReInitComponent
                0x000076b0       0x4c .\CortexM3\ARM_GCC_541\Debug\IncubadoraRefrigerada.a(USBUART.o)
                0x000076b0                USBUART_ReInitComponent
 .text.USBUART_GetConfiguration
                0x000076fc        0xc .\CortexM3\ARM_GCC_541\Debug\IncubadoraRefrigerada.a(USBUART.o)
                0x000076fc                USBUART_GetConfiguration
 .text.USBUART_LoadInEP
                0x00007708       0x94 .\CortexM3\ARM_GCC_541\Debug\IncubadoraRefrigerada.a(USBUART.o)
                0x00007708                USBUART_LoadInEP
 .text.USBUART_EnableOutEP
                0x0000779c       0x2c .\CortexM3\ARM_GCC_541\Debug\IncubadoraRefrigerada.a(USBUART.o)
                0x0000779c                USBUART_EnableOutEP
 .text.USBUART_StrLen
                0x000077c8       0x14 .\CortexM3\ARM_GCC_541\Debug\IncubadoraRefrigerada.a(USBUART_cdc.o)
 .text.USBUART_GetInterfaceComPort
                0x000077dc       0x38 .\CortexM3\ARM_GCC_541\Debug\IncubadoraRefrigerada.a(USBUART_cdc.o)
                0x000077dc                USBUART_GetInterfaceComPort
 .text.USBUART_DispatchCDCClassRqst
                0x00007814       0x98 .\CortexM3\ARM_GCC_541\Debug\IncubadoraRefrigerada.a(USBUART_cdc.o)
                0x00007814                USBUART_DispatchCDCClassRqst
 .text.USBUART_CDC_Init
                0x000078ac       0x98 .\CortexM3\ARM_GCC_541\Debug\IncubadoraRefrigerada.a(USBUART_cdc.o)
                0x000078ac                USBUART_CDC_Init
 .text.USBUART_PutString
                0x00007944       0xa0 .\CortexM3\ARM_GCC_541\Debug\IncubadoraRefrigerada.a(USBUART_cdc.o)
                0x00007944                USBUART_PutString
 .text.USBUART_Cdc_EpInit
                0x000079e4       0x50 .\CortexM3\ARM_GCC_541\Debug\IncubadoraRefrigerada.a(USBUART_cdc.o)
                0x000079e4                USBUART_Cdc_EpInit
 .text.USBUART_LoadEP0
                0x00007a34       0x98 .\CortexM3\ARM_GCC_541\Debug\IncubadoraRefrigerada.a(USBUART_drv.o)
                0x00007a34                USBUART_LoadEP0
 .text.USBUART_InitZeroLengthControlTransfer
                0x00007acc       0x34 .\CortexM3\ARM_GCC_541\Debug\IncubadoraRefrigerada.a(USBUART_drv.o)
                0x00007acc                USBUART_InitZeroLengthControlTransfer
 .text.USBUART_ControlReadDataStage
                0x00007b00        0x8 .\CortexM3\ARM_GCC_541\Debug\IncubadoraRefrigerada.a(USBUART_drv.o)
                0x00007b00                USBUART_ControlReadDataStage
 .text.USBUART_ControlWriteDataStage
                0x00007b08       0x84 .\CortexM3\ARM_GCC_541\Debug\IncubadoraRefrigerada.a(USBUART_drv.o)
                0x00007b08                USBUART_ControlWriteDataStage
 .text.USBUART_InitNoDataControlTransfer
                0x00007b8c       0x2c .\CortexM3\ARM_GCC_541\Debug\IncubadoraRefrigerada.a(USBUART_drv.o)
                0x00007b8c                USBUART_InitNoDataControlTransfer
 .text.USBUART_UpdateStatusBlock
                0x00007bb8       0x24 .\CortexM3\ARM_GCC_541\Debug\IncubadoraRefrigerada.a(USBUART_drv.o)
                0x00007bb8                USBUART_UpdateStatusBlock
 .text.USBUART_HandleSetup
                0x00007bdc       0x5c .\CortexM3\ARM_GCC_541\Debug\IncubadoraRefrigerada.a(USBUART_drv.o)
                0x00007bdc                USBUART_HandleSetup
 .text.USBUART_ControlReadStatusStage
                0x00007c38       0x38 .\CortexM3\ARM_GCC_541\Debug\IncubadoraRefrigerada.a(USBUART_drv.o)
                0x00007c38                USBUART_ControlReadStatusStage
 .text.USBUART_HandleOUT
                0x00007c70       0x38 .\CortexM3\ARM_GCC_541\Debug\IncubadoraRefrigerada.a(USBUART_drv.o)
                0x00007c70                USBUART_HandleOUT
 .text.USBUART_ControlWriteStatusStage
                0x00007ca8       0x20 .\CortexM3\ARM_GCC_541\Debug\IncubadoraRefrigerada.a(USBUART_drv.o)
                0x00007ca8                USBUART_ControlWriteStatusStage
 .text.USBUART_NoDataControlStatusStage
                0x00007cc8       0x40 .\CortexM3\ARM_GCC_541\Debug\IncubadoraRefrigerada.a(USBUART_drv.o)
                0x00007cc8                USBUART_NoDataControlStatusStage
 .text.USBUART_HandleIN
                0x00007d08       0x2c .\CortexM3\ARM_GCC_541\Debug\IncubadoraRefrigerada.a(USBUART_drv.o)
                0x00007d08                USBUART_HandleIN
 .text.USBUART_EP_0_ISR
                0x00007d34       0xb8 .\CortexM3\ARM_GCC_541\Debug\IncubadoraRefrigerada.a(USBUART_drv.o)
                0x00007d34                USBUART_EP_0_ISR
 .text.USBUART_InitializeStatusBlock
                0x00007dec       0x24 .\CortexM3\ARM_GCC_541\Debug\IncubadoraRefrigerada.a(USBUART_drv.o)
                0x00007dec                USBUART_InitializeStatusBlock
 .text.USBUART_InitControlRead
                0x00007e10       0x50 .\CortexM3\ARM_GCC_541\Debug\IncubadoraRefrigerada.a(USBUART_drv.o)
                0x00007e10                USBUART_InitControlRead
 .text.USBUART_InitControlWrite
                0x00007e60       0x48 .\CortexM3\ARM_GCC_541\Debug\IncubadoraRefrigerada.a(USBUART_drv.o)
                0x00007e60                USBUART_InitControlWrite
 .text.USBUART_EP_1_ISR
                0x00007ea8       0x30 .\CortexM3\ARM_GCC_541\Debug\IncubadoraRefrigerada.a(USBUART_episr.o)
                0x00007ea8                USBUART_EP_1_ISR
 .text.USBUART_EP_2_ISR
                0x00007ed8       0x34 .\CortexM3\ARM_GCC_541\Debug\IncubadoraRefrigerada.a(USBUART_episr.o)
                0x00007ed8                USBUART_EP_2_ISR
 .text.USBUART_EP_3_ISR
                0x00007f0c       0x3c .\CortexM3\ARM_GCC_541\Debug\IncubadoraRefrigerada.a(USBUART_episr.o)
                0x00007f0c                USBUART_EP_3_ISR
 .text.USBUART_SOF_ISR
                0x00007f48        0x4 .\CortexM3\ARM_GCC_541\Debug\IncubadoraRefrigerada.a(USBUART_episr.o)
                0x00007f48                USBUART_SOF_ISR
 .text.USBUART_BUS_RESET_ISR
                0x00007f4c        0x8 .\CortexM3\ARM_GCC_541\Debug\IncubadoraRefrigerada.a(USBUART_episr.o)
                0x00007f4c                USBUART_BUS_RESET_ISR
 .text.USBUART_DP_ISR
                0x00007f54        0x8 .\CortexM3\ARM_GCC_541\Debug\IncubadoraRefrigerada.a(USBUART_pm.o)
                0x00007f54                USBUART_DP_ISR
 .text.USBUART_ReadDieID
                0x00007f5c       0x6c .\CortexM3\ARM_GCC_541\Debug\IncubadoraRefrigerada.a(USBUART_std.o)
                0x00007f5c                USBUART_ReadDieID
 .text.USBUART_ConfigReg
                0x00007fc8       0xa4 .\CortexM3\ARM_GCC_541\Debug\IncubadoraRefrigerada.a(USBUART_std.o)
                0x00007fc8                USBUART_ConfigReg
 .text.USBUART_GetConfigTablePtr
                0x0000806c       0x28 .\CortexM3\ARM_GCC_541\Debug\IncubadoraRefrigerada.a(USBUART_std.o)
                0x0000806c                USBUART_GetConfigTablePtr
 .text.USBUART_ConfigAltChanged
                0x00008094      0x11c .\CortexM3\ARM_GCC_541\Debug\IncubadoraRefrigerada.a(USBUART_std.o)
                0x00008094                USBUART_ConfigAltChanged
 .text.USBUART_GetDeviceTablePtr
                0x000081b0       0x18 .\CortexM3\ARM_GCC_541\Debug\IncubadoraRefrigerada.a(USBUART_std.o)
                0x000081b0                USBUART_GetDeviceTablePtr
 .text.USBUART_GetInterfaceClassTablePtr
                0x000081c8       0x28 .\CortexM3\ARM_GCC_541\Debug\IncubadoraRefrigerada.a(USBUART_std.o)
                0x000081c8                USBUART_GetInterfaceClassTablePtr
 .text.USBUART_Config
                0x000081f0      0x1ec .\CortexM3\ARM_GCC_541\Debug\IncubadoraRefrigerada.a(USBUART_std.o)
                0x000081f0                USBUART_Config
 .text.USBUART_SetEndpointHalt
                0x000083dc       0x64 .\CortexM3\ARM_GCC_541\Debug\IncubadoraRefrigerada.a(USBUART_std.o)
                0x000083dc                USBUART_SetEndpointHalt
 .text.USBUART_ClearEndpointHalt
                0x00008440       0xac .\CortexM3\ARM_GCC_541\Debug\IncubadoraRefrigerada.a(USBUART_std.o)
                0x00008440                USBUART_ClearEndpointHalt
 .text.USBUART_ValidateAlternateSetting
                0x000084ec       0x4c .\CortexM3\ARM_GCC_541\Debug\IncubadoraRefrigerada.a(USBUART_std.o)
                0x000084ec                USBUART_ValidateAlternateSetting
 .text.USBUART_HandleStandardRqst
                0x00008538      0x354 .\CortexM3\ARM_GCC_541\Debug\IncubadoraRefrigerada.a(USBUART_std.o)
                0x00008538                USBUART_HandleStandardRqst
 .text.USBUART_HandleVendorRqst
                0x0000888c       0x18 .\CortexM3\ARM_GCC_541\Debug\IncubadoraRefrigerada.a(USBUART_vnd.o)
                0x0000888c                USBUART_HandleVendorRqst
 .text.USBUART_Dp_ClearInterrupt
                0x000088a4       0x10 .\CortexM3\ARM_GCC_541\Debug\IncubadoraRefrigerada.a(USBUART_Dp.o)
                0x000088a4                USBUART_Dp_ClearInterrupt
 .text.UART_1_Init
                0x000088b4       0x24 .\CortexM3\ARM_GCC_541\Debug\IncubadoraRefrigerada.a(UART_1.o)
                0x000088b4                UART_1_Init
 .text.UART_1_Enable
                0x000088d8       0x38 .\CortexM3\ARM_GCC_541\Debug\IncubadoraRefrigerada.a(UART_1.o)
                0x000088d8                UART_1_Enable
 .text.UART_1_Start
                0x00008910       0x1c .\CortexM3\ARM_GCC_541\Debug\IncubadoraRefrigerada.a(UART_1.o)
                0x00008910                UART_1_Start
 .text.UART_1_ReadRxData
                0x0000892c        0xc .\CortexM3\ARM_GCC_541\Debug\IncubadoraRefrigerada.a(UART_1.o)
                0x0000892c                UART_1_ReadRxData
 .text.UART_1_ReadRxStatus
                0x00008938       0x10 .\CortexM3\ARM_GCC_541\Debug\IncubadoraRefrigerada.a(UART_1.o)
                0x00008938                UART_1_ReadRxStatus
 .text.UART_1_GetByte
                0x00008948       0x14 .\CortexM3\ARM_GCC_541\Debug\IncubadoraRefrigerada.a(UART_1.o)
                0x00008948                UART_1_GetByte
 .text.UART_1_PutChar
                0x0000895c       0x18 .\CortexM3\ARM_GCC_541\Debug\IncubadoraRefrigerada.a(UART_1.o)
                0x0000895c                UART_1_PutChar
 .text.UART_1_PutString
                0x00008974       0x24 .\CortexM3\ARM_GCC_541\Debug\IncubadoraRefrigerada.a(UART_1.o)
                0x00008974                UART_1_PutString
 .text.UART_1_IntClock_Start
                0x00008998       0x1c .\CortexM3\ARM_GCC_541\Debug\IncubadoraRefrigerada.a(UART_1_IntClock.o)
                0x00008998                UART_1_IntClock_Start
 .text.Timer_Enable
                0x000089b4       0x28 .\CortexM3\ARM_GCC_541\Debug\IncubadoraRefrigerada.a(Timer.o)
                0x000089b4                Timer_Enable
 .text.Timer_SetInterruptMode
                0x000089dc        0xc .\CortexM3\ARM_GCC_541\Debug\IncubadoraRefrigerada.a(Timer.o)
                0x000089dc                Timer_SetInterruptMode
 .text.Timer_WritePeriod
                0x000089e8        0xc .\CortexM3\ARM_GCC_541\Debug\IncubadoraRefrigerada.a(Timer.o)
                0x000089e8                Timer_WritePeriod
 .text.Timer_WriteCounter
                0x000089f4        0xc .\CortexM3\ARM_GCC_541\Debug\IncubadoraRefrigerada.a(Timer.o)
                0x000089f4                Timer_WriteCounter
 .text.Timer_Init
                0x00008a00       0x68 .\CortexM3\ARM_GCC_541\Debug\IncubadoraRefrigerada.a(Timer.o)
                0x00008a00                Timer_Init
 .text.Timer_Start
                0x00008a68       0x1c .\CortexM3\ARM_GCC_541\Debug\IncubadoraRefrigerada.a(Timer.o)
                0x00008a68                Timer_Start
 .text.ADCMux_Start
                0x00008a84       0x28 .\CortexM3\ARM_GCC_541\Debug\IncubadoraRefrigerada.a(ADCMux.o)
                0x00008a84                ADCMux_Start
 .text.ADCMux_Disconnect
                0x00008aac       0x10 .\CortexM3\ARM_GCC_541\Debug\IncubadoraRefrigerada.a(ADCMux.o)
                0x00008aac                ADCMux_Disconnect
 .text.ADCMux_FastSelect
                0x00008abc       0x28 .\CortexM3\ARM_GCC_541\Debug\IncubadoraRefrigerada.a(ADCMux.o)
                0x00008abc                ADCMux_FastSelect
 .text.RX2_SetVector
                0x00008ae4        0xc .\CortexM3\ARM_GCC_541\Debug\IncubadoraRefrigerada.a(RX2.o)
                0x00008ae4                RX2_SetVector
 .text.RX2_SetPriority
                0x00008af0       0x10 .\CortexM3\ARM_GCC_541\Debug\IncubadoraRefrigerada.a(RX2.o)
                0x00008af0                RX2_SetPriority
 .text.RX2_Enable
                0x00008b00        0xc .\CortexM3\ARM_GCC_541\Debug\IncubadoraRefrigerada.a(RX2.o)
                0x00008b00                RX2_Enable
 .text.RX2_Disable
                0x00008b0c        0xc .\CortexM3\ARM_GCC_541\Debug\IncubadoraRefrigerada.a(RX2.o)
                0x00008b0c                RX2_Disable
 .text.RX2_StartEx
                0x00008b18       0x1c .\CortexM3\ARM_GCC_541\Debug\IncubadoraRefrigerada.a(RX2.o)
                0x00008b18                RX2_StartEx
 .text.EEPROM_Enable
                0x00008b34        0xc .\CortexM3\ARM_GCC_541\Debug\IncubadoraRefrigerada.a(EEPROM.o)
                0x00008b34                EEPROM_Enable
 .text.EEPROM_Start
                0x00008b40        0x8 .\CortexM3\ARM_GCC_541\Debug\IncubadoraRefrigerada.a(EEPROM.o)
                0x00008b40                EEPROM_Start
 .text.EEPROM_WriteByte
                0x00008b48       0xd0 .\CortexM3\ARM_GCC_541\Debug\IncubadoraRefrigerada.a(EEPROM.o)
                0x00008b48                EEPROM_WriteByte
 .text.EEPROM_ReadByte
                0x00008c18       0x28 .\CortexM3\ARM_GCC_541\Debug\IncubadoraRefrigerada.a(EEPROM.o)
                0x00008c18                EEPROM_ReadByte
 .text.SSR_Write
                0x00008c40       0x18 .\CortexM3\ARM_GCC_541\Debug\IncubadoraRefrigerada.a(SSR.o)
                0x00008c40                SSR_Write
 .text.DOOR_Read
                0x00008c58       0x10 .\CortexM3\ARM_GCC_541\Debug\IncubadoraRefrigerada.a(DOOR.o)
                0x00008c58                DOOR_Read
 .text.LCD1_Write
                0x00008c68       0x18 .\CortexM3\ARM_GCC_541\Debug\IncubadoraRefrigerada.a(LCD1.o)
                0x00008c68                LCD1_Write
 .text.LCD2_Write
                0x00008c80       0x18 .\CortexM3\ARM_GCC_541\Debug\IncubadoraRefrigerada.a(LCD2.o)
                0x00008c80                LCD2_Write
 .text.ADC_SAR_Init
                0x00008c98       0x3c .\CortexM3\ARM_GCC_541\Debug\IncubadoraRefrigerada.a(ADC_SAR.o)
                0x00008c98                ADC_SAR_Init
 .text.ADC_SAR_Enable
                0x00008cd4       0xcc .\CortexM3\ARM_GCC_541\Debug\IncubadoraRefrigerada.a(ADC_SAR.o)
                0x00008cd4                ADC_SAR_Enable
 .text.ADC_SAR_Start
                0x00008da0       0x28 .\CortexM3\ARM_GCC_541\Debug\IncubadoraRefrigerada.a(ADC_SAR.o)
                0x00008da0                ADC_SAR_Start
 .text.ADC_SAR_StartConvert
                0x00008dc8        0x8 .\CortexM3\ARM_GCC_541\Debug\IncubadoraRefrigerada.a(ADC_SAR.o)
                0x00008dc8                ADC_SAR_StartConvert
 .text.ADC_SAR_IsEndConversion
                0x00008dd0       0x18 .\CortexM3\ARM_GCC_541\Debug\IncubadoraRefrigerada.a(ADC_SAR.o)
                0x00008dd0                ADC_SAR_IsEndConversion
 .text.ADC_SAR_GetResult16
                0x00008de8       0x1c .\CortexM3\ARM_GCC_541\Debug\IncubadoraRefrigerada.a(ADC_SAR.o)
                0x00008de8                ADC_SAR_GetResult16
 .text.ADC_SAR_CountsTo_mVolts
                0x00008e04        0x8 .\CortexM3\ARM_GCC_541\Debug\IncubadoraRefrigerada.a(ADC_SAR.o)
                0x00008e04                ADC_SAR_CountsTo_mVolts
 .text.ADC_SAR_ISR
                0x00008e0c        0x4 .\CortexM3\ARM_GCC_541\Debug\IncubadoraRefrigerada.a(ADC_SAR_INT.o)
                0x00008e0c                ADC_SAR_ISR
 .text.ADC_SAR_IRQ_SetVector
                0x00008e10        0xc .\CortexM3\ARM_GCC_541\Debug\IncubadoraRefrigerada.a(ADC_SAR_IRQ.o)
                0x00008e10                ADC_SAR_IRQ_SetVector
 .text.ADC_SAR_IRQ_SetPriority
                0x00008e1c       0x10 .\CortexM3\ARM_GCC_541\Debug\IncubadoraRefrigerada.a(ADC_SAR_IRQ.o)
                0x00008e1c                ADC_SAR_IRQ_SetPriority
 .text.I2C_Init
                0x00008e2c       0x68 .\CortexM3\ARM_GCC_541\Debug\IncubadoraRefrigerada.a(I2C.o)
                0x00008e2c                I2C_Init
 .text.I2C_Enable
                0x00008e94       0x24 .\CortexM3\ARM_GCC_541\Debug\IncubadoraRefrigerada.a(I2C.o)
                0x00008e94                I2C_Enable
 .text.I2C_Start
                0x00008eb8       0x28 .\CortexM3\ARM_GCC_541\Debug\IncubadoraRefrigerada.a(I2C.o)
                0x00008eb8                I2C_Start
 .text.I2C_ISR  0x00008ee0      0x2d0 .\CortexM3\ARM_GCC_541\Debug\IncubadoraRefrigerada.a(I2C_INT.o)
                0x00008ee0                I2C_ISR
 .text.Timer2_Enable
                0x000091b0       0x10 .\CortexM3\ARM_GCC_541\Debug\IncubadoraRefrigerada.a(Timer2.o)
                0x000091b0                Timer2_Enable
 .text.Timer2_SetInterruptMode
                0x000091c0        0xc .\CortexM3\ARM_GCC_541\Debug\IncubadoraRefrigerada.a(Timer2.o)
                0x000091c0                Timer2_SetInterruptMode
 .text.Timer2_ReadStatusRegister
                0x000091cc        0xc .\CortexM3\ARM_GCC_541\Debug\IncubadoraRefrigerada.a(Timer2.o)
                0x000091cc                Timer2_ReadStatusRegister
 .text.Timer2_WritePeriod
                0x000091d8       0x10 .\CortexM3\ARM_GCC_541\Debug\IncubadoraRefrigerada.a(Timer2.o)
                0x000091d8                Timer2_WritePeriod
 .text.Timer2_ReadCapture
                0x000091e8       0x10 .\CortexM3\ARM_GCC_541\Debug\IncubadoraRefrigerada.a(Timer2.o)
                0x000091e8                Timer2_ReadCapture
 .text.Timer2_WriteCounter
                0x000091f8       0x10 .\CortexM3\ARM_GCC_541\Debug\IncubadoraRefrigerada.a(Timer2.o)
                0x000091f8                Timer2_WriteCounter
 .text.Timer2_ClearFIFO
                0x00009208       0x14 .\CortexM3\ARM_GCC_541\Debug\IncubadoraRefrigerada.a(Timer2.o)
                0x00009208                Timer2_ClearFIFO
 .text.Timer2_Init
                0x0000921c       0x38 .\CortexM3\ARM_GCC_541\Debug\IncubadoraRefrigerada.a(Timer2.o)
                0x0000921c                Timer2_Init
 .text.Timer2_Start
                0x00009254       0x1c .\CortexM3\ARM_GCC_541\Debug\IncubadoraRefrigerada.a(Timer2.o)
                0x00009254                Timer2_Start
 .text.IDAC_Enable
                0x00009270       0x1c .\CortexM3\ARM_GCC_541\Debug\IncubadoraRefrigerada.a(IDAC.o)
                0x00009270                IDAC_Enable
 .text.IDAC_SetSpeed
                0x0000928c       0x1c .\CortexM3\ARM_GCC_541\Debug\IncubadoraRefrigerada.a(IDAC.o)
                0x0000928c                IDAC_SetSpeed
 .text.IDAC_SetValue
                0x000092a8        0xc .\CortexM3\ARM_GCC_541\Debug\IncubadoraRefrigerada.a(IDAC.o)
                0x000092a8                IDAC_SetValue
 .text.IDAC_DacTrim
                0x000092b4       0x34 .\CortexM3\ARM_GCC_541\Debug\IncubadoraRefrigerada.a(IDAC.o)
                0x000092b4                IDAC_DacTrim
 .text.IDAC_Init
                0x000092e8       0x24 .\CortexM3\ARM_GCC_541\Debug\IncubadoraRefrigerada.a(IDAC.o)
                0x000092e8                IDAC_Init
 .text.IDAC_Start
                0x0000930c       0x24 .\CortexM3\ARM_GCC_541\Debug\IncubadoraRefrigerada.a(IDAC.o)
                0x0000930c                IDAC_Start
 .text.BUZZER_Write
                0x00009330       0x18 .\CortexM3\ARM_GCC_541\Debug\IncubadoraRefrigerada.a(BUZZER.o)
                0x00009330                BUZZER_Write
 .text.BUZZER_Read
                0x00009348       0x10 .\CortexM3\ARM_GCC_541\Debug\IncubadoraRefrigerada.a(BUZZER.o)
                0x00009348                BUZZER_Read
 .text.CurrentMux_Start
                0x00009358       0x20 .\CortexM3\ARM_GCC_541\Debug\IncubadoraRefrigerada.a(CurrentMux.o)
                0x00009358                CurrentMux_Start
 .text.CurrentMux_FastSelect
                0x00009378       0x20 .\CortexM3\ARM_GCC_541\Debug\IncubadoraRefrigerada.a(CurrentMux.o)
                0x00009378                CurrentMux_FastSelect
 .text.RTD_MultShift24
                0x00009398       0x30 .\CortexM3\ARM_GCC_541\Debug\IncubadoraRefrigerada.a(RTD.o)
                0x00009398                RTD_MultShift24
 .text.RTD_GetTemperature
                0x000093c8       0xa0 .\CortexM3\ARM_GCC_541\Debug\IncubadoraRefrigerada.a(RTD.o)
                0x000093c8                RTD_GetTemperature
 .text.ADC_SAR_SAR_CalcGain
                0x00009468       0x64 .\CortexM3\ARM_GCC_541\Debug\IncubadoraRefrigerada.a(ADC_SAR_SAR.o)
 .text.ADC_SAR_SAR_Enable
                0x000094cc       0x78 .\CortexM3\ARM_GCC_541\Debug\IncubadoraRefrigerada.a(ADC_SAR_SAR.o)
                0x000094cc                ADC_SAR_SAR_Enable
 .text.ADC_SAR_SAR_SetResolution
                0x00009544       0x38 .\CortexM3\ARM_GCC_541\Debug\IncubadoraRefrigerada.a(ADC_SAR_SAR.o)
                0x00009544                ADC_SAR_SAR_SetResolution
 .text.ADC_SAR_SAR_Init
                0x0000957c       0x24 .\CortexM3\ARM_GCC_541\Debug\IncubadoraRefrigerada.a(ADC_SAR_SAR.o)
                0x0000957c                ADC_SAR_SAR_Init
 .text.ADC_SAR_SAR_Start
                0x000095a0       0x1c .\CortexM3\ARM_GCC_541\Debug\IncubadoraRefrigerada.a(ADC_SAR_SAR.o)
                0x000095a0                ADC_SAR_SAR_Start
 .text.ADC_SAR_SAR_StartConvert
                0x000095bc       0x10 .\CortexM3\ARM_GCC_541\Debug\IncubadoraRefrigerada.a(ADC_SAR_SAR.o)
                0x000095bc                ADC_SAR_SAR_StartConvert
 .text.ADC_SAR_SAR_CountsTo_mVolts
                0x000095cc       0x58 .\CortexM3\ARM_GCC_541\Debug\IncubadoraRefrigerada.a(ADC_SAR_SAR.o)
                0x000095cc                ADC_SAR_SAR_CountsTo_mVolts
 .text.ADC_SAR_TempBuf_DmaInitialize
                0x00009624       0x3c .\CortexM3\ARM_GCC_541\Debug\IncubadoraRefrigerada.a(ADC_SAR_TempBuf_dma.o)
                0x00009624                ADC_SAR_TempBuf_DmaInitialize
 .text.ADC_SAR_FinalBuf_DmaInitialize
                0x00009660       0x3c .\CortexM3\ARM_GCC_541\Debug\IncubadoraRefrigerada.a(ADC_SAR_FinalBuf_dma.o)
                0x00009660                ADC_SAR_FinalBuf_DmaInitialize
 .text.DS1302_IO_PIN_Write
                0x0000969c       0x18 .\CortexM3\ARM_GCC_541\Debug\IncubadoraRefrigerada.a(DS1302_IO_PIN.o)
                0x0000969c                DS1302_IO_PIN_Write
 .text.DS1302_IO_PIN_Read
                0x000096b4       0x10 .\CortexM3\ARM_GCC_541\Debug\IncubadoraRefrigerada.a(DS1302_IO_PIN.o)
                0x000096b4                DS1302_IO_PIN_Read
 .text.DS1302_SCLK_PIN_Write
                0x000096c4       0x18 .\CortexM3\ARM_GCC_541\Debug\IncubadoraRefrigerada.a(DS1302_SCLK_PIN.o)
                0x000096c4                DS1302_SCLK_PIN_Write
 .text.DS1302_CE_PIN_Write
                0x000096dc       0x18 .\CortexM3\ARM_GCC_541\Debug\IncubadoraRefrigerada.a(DS1302_CE_PIN.o)
                0x000096dc                DS1302_CE_PIN_Write
 .text.CR2_Write
                0x000096f4       0x18 .\CortexM3\ARM_GCC_541\Debug\IncubadoraRefrigerada.a(CR2.o)
                0x000096f4                CR2_Write
 .text.CR2_Read
                0x0000970c       0x10 .\CortexM3\ARM_GCC_541\Debug\IncubadoraRefrigerada.a(CR2.o)
                0x0000970c                CR2_Read
 .text.CR1_Write
                0x0000971c       0x18 .\CortexM3\ARM_GCC_541\Debug\IncubadoraRefrigerada.a(CR1.o)
                0x0000971c                CR1_Write
 .text.CR1_Read
                0x00009734       0x10 .\CortexM3\ARM_GCC_541\Debug\IncubadoraRefrigerada.a(CR1.o)
                0x00009734                CR1_Read
 .text.CR3_Write
                0x00009744       0x18 .\CortexM3\ARM_GCC_541\Debug\IncubadoraRefrigerada.a(CR3.o)
                0x00009744                CR3_Write
 .text.CR3_Read
                0x0000975c       0x10 .\CortexM3\ARM_GCC_541\Debug\IncubadoraRefrigerada.a(CR3.o)
                0x0000975c                CR3_Read
 .text.TERM_Read
                0x0000976c       0x10 .\CortexM3\ARM_GCC_541\Debug\IncubadoraRefrigerada.a(TERM.o)
                0x0000976c                TERM_Read
 .text.CR5_Write
                0x0000977c       0x18 .\CortexM3\ARM_GCC_541\Debug\IncubadoraRefrigerada.a(CR5.o)
                0x0000977c                CR5_Write
 .text.CR5_Read
                0x00009794       0x10 .\CortexM3\ARM_GCC_541\Debug\IncubadoraRefrigerada.a(CR5.o)
                0x00009794                CR5_Read
 .text.CR4_Write
                0x000097a4       0x18 .\CortexM3\ARM_GCC_541\Debug\IncubadoraRefrigerada.a(CR4.o)
                0x000097a4                CR4_Write
 .text.CR4_Read
                0x000097bc       0x10 .\CortexM3\ARM_GCC_541\Debug\IncubadoraRefrigerada.a(CR4.o)
                0x000097bc                CR4_Read
 .text.LEVEL_Read
                0x000097cc       0x10 .\CortexM3\ARM_GCC_541\Debug\IncubadoraRefrigerada.a(LEVEL.o)
                0x000097cc                LEVEL_Read
 .text.CR6_Write
                0x000097dc       0x18 .\CortexM3\ARM_GCC_541\Debug\IncubadoraRefrigerada.a(CR6.o)
                0x000097dc                CR6_Write
 .text.CR6_Read
                0x000097f4       0x10 .\CortexM3\ARM_GCC_541\Debug\IncubadoraRefrigerada.a(CR6.o)
                0x000097f4                CR6_Read
 .text.CR7_Write
                0x00009804       0x18 .\CortexM3\ARM_GCC_541\Debug\IncubadoraRefrigerada.a(CR7.o)
                0x00009804                CR7_Write
 .text.CR7_Read
                0x0000981c       0x10 .\CortexM3\ARM_GCC_541\Debug\IncubadoraRefrigerada.a(CR7.o)
                0x0000981c                CR7_Read
 .text.CR8_Write
                0x0000982c       0x18 .\CortexM3\ARM_GCC_541\Debug\IncubadoraRefrigerada.a(CR8.o)
                0x0000982c                CR8_Write
 .text.CR8_Read
                0x00009844       0x10 .\CortexM3\ARM_GCC_541\Debug\IncubadoraRefrigerada.a(CR8.o)
                0x00009844                CR8_Read
 *fill*         0x00009854        0x4 
 .text          0x00009858       0x20 .\CortexM3\ARM_GCC_541\Debug\IncubadoraRefrigerada.a(CyBootAsmGnu.o)
                0x00009858                CyDelayCycles
                0x00009868                CyEnterCriticalSection
                0x00009870                CyExitCriticalSection
 .text.CyFlashGetSpcAlgorithm
                0x00009878       0x4c .\CortexM3\ARM_GCC_541\Debug\IncubadoraRefrigerada.a(CyFlash.o)
 .text.CySetTempInt
                0x000098c4       0x60 .\CortexM3\ARM_GCC_541\Debug\IncubadoraRefrigerada.a(CyFlash.o)
 .text.CySetTemp
                0x00009924       0x14 .\CortexM3\ARM_GCC_541\Debug\IncubadoraRefrigerada.a(CyFlash.o)
                0x00009924                CySetTemp
 .text.CyEEPROM_Start
                0x00009938       0x54 .\CortexM3\ARM_GCC_541\Debug\IncubadoraRefrigerada.a(CyFlash.o)
                0x00009938                CyEEPROM_Start
 .text.CyEEPROM_ReadReserve
                0x0000998c       0x1c .\CortexM3\ARM_GCC_541\Debug\IncubadoraRefrigerada.a(CyFlash.o)
                0x0000998c                CyEEPROM_ReadReserve
 .text.CyEEPROM_ReadRelease
                0x000099a8       0x10 .\CortexM3\ARM_GCC_541\Debug\IncubadoraRefrigerada.a(CyFlash.o)
                0x000099a8                CyEEPROM_ReadRelease
 .text.CySpcStart
                0x000099b8       0x24 .\CortexM3\ARM_GCC_541\Debug\IncubadoraRefrigerada.a(CySpc.o)
                0x000099b8                CySpcStart
 .text.CySpcReadData
                0x000099dc       0x34 .\CortexM3\ARM_GCC_541\Debug\IncubadoraRefrigerada.a(CySpc.o)
                0x000099dc                CySpcReadData
 .text.CySpcLoadMultiByte
                0x00009a10       0x78 .\CortexM3\ARM_GCC_541\Debug\IncubadoraRefrigerada.a(CySpc.o)
                0x00009a10                CySpcLoadMultiByte
 .text.CySpcWriteRow
                0x00009a88       0x4c .\CortexM3\ARM_GCC_541\Debug\IncubadoraRefrigerada.a(CySpc.o)
                0x00009a88                CySpcWriteRow
 .text.CySpcGetTemp
                0x00009ad4       0x3c .\CortexM3\ARM_GCC_541\Debug\IncubadoraRefrigerada.a(CySpc.o)
                0x00009ad4                CySpcGetTemp
 .text.CySpcLock
                0x00009b10       0x4c .\CortexM3\ARM_GCC_541\Debug\IncubadoraRefrigerada.a(CySpc.o)
                0x00009b10                CySpcLock
 .text.CySpcUnlock
                0x00009b5c       0x38 .\CortexM3\ARM_GCC_541\Debug\IncubadoraRefrigerada.a(CySpc.o)
                0x00009b5c                CySpcUnlock
 .text.CySpcGetAlgorithm
                0x00009b94       0x28 .\CortexM3\ARM_GCC_541\Debug\IncubadoraRefrigerada.a(CySpc.o)
                0x00009b94                CySpcGetAlgorithm
 .text.CySetReg24
                0x00009bbc       0x14 .\CortexM3\ARM_GCC_541\Debug\IncubadoraRefrigerada.a(cyutils.o)
                0x00009bbc                CySetReg24
 .text.USBUART_DispatchClassRqst
                0x00009bd0       0x60 .\CortexM3\ARM_GCC_541\Debug\IncubadoraRefrigerada.a(USBUART_cls.o)
                0x00009bd0                USBUART_DispatchClassRqst
 .text          0x00009c30      0x370 c:/program files (x86)/cypress/psoc creator/4.3/psoc creator/import/gnu/arm/5.4.1/bin/../lib/gcc/arm-none-eabi/5.4.1/armv7-m\libgcc.a(_arm_addsubdf3.o)
                0x00009c30                __aeabi_drsub
                0x00009c38                __aeabi_dsub
                0x00009c38                __subdf3
                0x00009c3c                __aeabi_dadd
                0x00009c3c                __adddf3
                0x00009eb4                __floatunsidf
                0x00009eb4                __aeabi_ui2d
                0x00009ed4                __floatsidf
                0x00009ed4                __aeabi_i2d
                0x00009ef8                __aeabi_f2d
                0x00009ef8                __extendsfdf2
                0x00009f34                __floatundidf
                0x00009f34                __aeabi_ul2d
                0x00009f44                __floatdidf
                0x00009f44                __aeabi_l2d
 .text          0x00009fa0      0x424 c:/program files (x86)/cypress/psoc creator/4.3/psoc creator/import/gnu/arm/5.4.1/bin/../lib/gcc/arm-none-eabi/5.4.1/armv7-m\libgcc.a(_arm_muldivdf3.o)
                0x00009fa0                __aeabi_dmul
                0x00009fa0                __muldf3
                0x0000a1f4                __divdf3
                0x0000a1f4                __aeabi_ddiv
 .text          0x0000a3c4      0x110 c:/program files (x86)/cypress/psoc creator/4.3/psoc creator/import/gnu/arm/5.4.1/bin/../lib/gcc/arm-none-eabi/5.4.1/armv7-m\libgcc.a(_arm_cmpdf2.o)
                0x0000a3c4                __gtdf2
                0x0000a3c4                __gedf2
                0x0000a3cc                __ltdf2
                0x0000a3cc                __ledf2
                0x0000a3d4                __nedf2
                0x0000a3d4                __eqdf2
                0x0000a3d4                __cmpdf2
                0x0000a450                __aeabi_cdrcmple
                0x0000a460                __aeabi_cdcmpeq
                0x0000a460                __aeabi_cdcmple
                0x0000a470                __aeabi_dcmpeq
                0x0000a484                __aeabi_dcmplt
                0x0000a498                __aeabi_dcmple
                0x0000a4ac                __aeabi_dcmpge
                0x0000a4c0                __aeabi_dcmpgt
 .text          0x0000a4d4       0x50 c:/program files (x86)/cypress/psoc creator/4.3/psoc creator/import/gnu/arm/5.4.1/bin/../lib/gcc/arm-none-eabi/5.4.1/armv7-m\libgcc.a(_arm_fixdfsi.o)
                0x0000a4d4                __aeabi_d2iz
                0x0000a4d4                __fixdfsi
 .text          0x0000a524       0x40 c:/program files (x86)/cypress/psoc creator/4.3/psoc creator/import/gnu/arm/5.4.1/bin/../lib/gcc/arm-none-eabi/5.4.1/armv7-m\libgcc.a(_arm_fixunsdfsi.o)
                0x0000a524                __aeabi_d2uiz
                0x0000a524                __fixunsdfsi
 .text          0x0000a564       0xa0 c:/program files (x86)/cypress/psoc creator/4.3/psoc creator/import/gnu/arm/5.4.1/bin/../lib/gcc/arm-none-eabi/5.4.1/armv7-m\libgcc.a(_arm_truncdfsf2.o)
                0x0000a564                __truncdfsf2
                0x0000a564                __aeabi_d2f
 .text          0x0000a604      0x21c c:/program files (x86)/cypress/psoc creator/4.3/psoc creator/import/gnu/arm/5.4.1/bin/../lib/gcc/arm-none-eabi/5.4.1/armv7-m\libgcc.a(_arm_addsubsf3.o)
                0x0000a604                __aeabi_frsub
                0x0000a60c                __subsf3
                0x0000a60c                __aeabi_fsub
                0x0000a610                __aeabi_fadd
                0x0000a610                __addsf3
                0x0000a770                __aeabi_ui2f
                0x0000a770                __floatunsisf
                0x0000a778                __aeabi_i2f
                0x0000a778                __floatsisf
                0x0000a794                __aeabi_ul2f
                0x0000a794                __floatundisf
                0x0000a7a4                __aeabi_l2f
                0x0000a7a4                __floatdisf
 .text          0x0000a820      0x2a0 c:/program files (x86)/cypress/psoc creator/4.3/psoc creator/import/gnu/arm/5.4.1/bin/../lib/gcc/arm-none-eabi/5.4.1/armv7-m\libgcc.a(_arm_muldivsf3.o)
                0x0000a820                __mulsf3
                0x0000a820                __aeabi_fmul
                0x0000a988                __aeabi_fdiv
                0x0000a988                __divsf3
 .text          0x0000aac0       0xec c:/program files (x86)/cypress/psoc creator/4.3/psoc creator/import/gnu/arm/5.4.1/bin/../lib/gcc/arm-none-eabi/5.4.1/armv7-m\libgcc.a(_arm_cmpsf2.o)
                0x0000aac0                __gesf2
                0x0000aac0                __gtsf2
                0x0000aac8                __lesf2
                0x0000aac8                __ltsf2
                0x0000aad0                __nesf2
                0x0000aad0                __eqsf2
                0x0000aad0                __cmpsf2
                0x0000ab30                __aeabi_cfrcmple
                0x0000ab38                __aeabi_cfcmpeq
                0x0000ab38                __aeabi_cfcmple
                0x0000ab48                __aeabi_fcmpeq
                0x0000ab5c                __aeabi_fcmplt
                0x0000ab70                __aeabi_fcmple
                0x0000ab84                __aeabi_fcmpge
                0x0000ab98                __aeabi_fcmpgt
 .text          0x0000abac       0x4c c:/program files (x86)/cypress/psoc creator/4.3/psoc creator/import/gnu/arm/5.4.1/bin/../lib/gcc/arm-none-eabi/5.4.1/armv7-m\libgcc.a(_arm_fixsfsi.o)
                0x0000abac                __aeabi_f2iz
                0x0000abac                __fixsfsi
 .text          0x0000abf8       0x40 c:/program files (x86)/cypress/psoc creator/4.3/psoc creator/import/gnu/arm/5.4.1/bin/../lib/gcc/arm-none-eabi/5.4.1/armv7-m\libgcc.a(_arm_fixunssfsi.o)
                0x0000abf8                __fixunssfsi
                0x0000abf8                __aeabi_f2uiz
 .text.__errno  0x0000ac38        0xc c:/program files (x86)/cypress/psoc creator/4.3/psoc creator/import/gnu/arm/5.4.1/bin/../lib/gcc/arm-none-eabi/5.4.1/../../../../arm-none-eabi/lib/armv7-m\libg_nano.a(lib_a-errno.o)
                0x0000ac38                __errno
 .text.__libc_init_array
                0x0000ac44       0x4c c:/program files (x86)/cypress/psoc creator/4.3/psoc creator/import/gnu/arm/5.4.1/bin/../lib/gcc/arm-none-eabi/5.4.1/../../../../arm-none-eabi/lib/armv7-m\libg_nano.a(lib_a-init.o)
                0x0000ac44                __libc_init_array
 .text.memcpy   0x0000ac90       0x16 c:/program files (x86)/cypress/psoc creator/4.3/psoc creator/import/gnu/arm/5.4.1/bin/../lib/gcc/arm-none-eabi/5.4.1/../../../../arm-none-eabi/lib/armv7-m\libg_nano.a(lib_a-memcpy-stub.o)
                0x0000ac90                memcpy
 .text.memset   0x0000aca6       0x10 c:/program files (x86)/cypress/psoc creator/4.3/psoc creator/import/gnu/arm/5.4.1/bin/../lib/gcc/arm-none-eabi/5.4.1/../../../../arm-none-eabi/lib/armv7-m\libg_nano.a(lib_a-memset.o)
                0x0000aca6                memset
 .text.__cvt    0x0000acb6       0xc0 c:/program files (x86)/cypress/psoc creator/4.3/psoc creator/import/gnu/arm/5.4.1/bin/../lib/gcc/arm-none-eabi/5.4.1/../../../../arm-none-eabi/lib/armv7-m\libg_nano.a(lib_a-nano-vfprintf_float.o)
                0x0000acb6                __cvt
 .text.__exponent
                0x0000ad76       0x62 c:/program files (x86)/cypress/psoc creator/4.3/psoc creator/import/gnu/arm/5.4.1/bin/../lib/gcc/arm-none-eabi/5.4.1/../../../../arm-none-eabi/lib/armv7-m\libg_nano.a(lib_a-nano-vfprintf_float.o)
                0x0000ad76                __exponent
 .text._printf_float
                0x0000add8      0x488 c:/program files (x86)/cypress/psoc creator/4.3/psoc creator/import/gnu/arm/5.4.1/bin/../lib/gcc/arm-none-eabi/5.4.1/../../../../arm-none-eabi/lib/armv7-m\libg_nano.a(lib_a-nano-vfprintf_float.o)
                0x0000add8                _printf_float
 .text._printf_common
                0x0000b260       0xec c:/program files (x86)/cypress/psoc creator/4.3/psoc creator/import/gnu/arm/5.4.1/bin/../lib/gcc/arm-none-eabi/5.4.1/../../../../arm-none-eabi/lib/armv7-m\libg_nano.a(lib_a-nano-vfprintf_i.o)
                0x0000b260                _printf_common
 .text._printf_i
                0x0000b34c      0x24c c:/program files (x86)/cypress/psoc creator/4.3/psoc creator/import/gnu/arm/5.4.1/bin/../lib/gcc/arm-none-eabi/5.4.1/../../../../arm-none-eabi/lib/armv7-m\libg_nano.a(lib_a-nano-vfprintf_i.o)
                0x0000b34c                _printf_i
 .text.sprintf  0x0000b598       0x48 c:/program files (x86)/cypress/psoc creator/4.3/psoc creator/import/gnu/arm/5.4.1/bin/../lib/gcc/arm-none-eabi/5.4.1/../../../../arm-none-eabi/lib/armv7-m\libg_nano.a(lib_a-sprintf.o)
                0x0000b598                siprintf
                0x0000b598                sprintf
 .text          0x0000b5e0       0x10 c:/program files (x86)/cypress/psoc creator/4.3/psoc creator/import/gnu/arm/5.4.1/bin/../lib/gcc/arm-none-eabi/5.4.1/../../../../arm-none-eabi/lib/armv7-m\libg_nano.a(lib_a-strlen.o)
                0x0000b5e0                strlen
 .text.quorem   0x0000b5f0      0x116 c:/program files (x86)/cypress/psoc creator/4.3/psoc creator/import/gnu/arm/5.4.1/bin/../lib/gcc/arm-none-eabi/5.4.1/../../../../arm-none-eabi/lib/armv7-m\libg_nano.a(lib_a-dtoa.o)
 *fill*         0x0000b706        0x2 
 .text._dtoa_r  0x0000b708      0xb30 c:/program files (x86)/cypress/psoc creator/4.3/psoc creator/import/gnu/arm/5.4.1/bin/../lib/gcc/arm-none-eabi/5.4.1/../../../../arm-none-eabi/lib/armv7-m\libg_nano.a(lib_a-dtoa.o)
                0x0000b708                _dtoa_r
 .text._localeconv_r
                0x0000c238        0x8 c:/program files (x86)/cypress/psoc creator/4.3/psoc creator/import/gnu/arm/5.4.1/bin/../lib/gcc/arm-none-eabi/5.4.1/../../../../arm-none-eabi/lib/armv7-m\libg_nano.a(lib_a-locale.o)
                0x0000c238                _localeconv_r
 .text.malloc   0x0000c240       0x10 c:/program files (x86)/cypress/psoc creator/4.3/psoc creator/import/gnu/arm/5.4.1/bin/../lib/gcc/arm-none-eabi/5.4.1/../../../../arm-none-eabi/lib/armv7-m\libg_nano.a(lib_a-malloc.o)
                0x0000c240                malloc
 .text.memchr   0x0000c250       0x1c c:/program files (x86)/cypress/psoc creator/4.3/psoc creator/import/gnu/arm/5.4.1/bin/../lib/gcc/arm-none-eabi/5.4.1/../../../../arm-none-eabi/lib/armv7-m\libg_nano.a(lib_a-memchr-stub.o)
                0x0000c250                memchr
 .text._Balloc  0x0000c26c       0x6a c:/program files (x86)/cypress/psoc creator/4.3/psoc creator/import/gnu/arm/5.4.1/bin/../lib/gcc/arm-none-eabi/5.4.1/../../../../arm-none-eabi/lib/armv7-m\libg_nano.a(lib_a-mprec.o)
                0x0000c26c                _Balloc
 .text._Bfree   0x0000c2d6       0x2e c:/program files (x86)/cypress/psoc creator/4.3/psoc creator/import/gnu/arm/5.4.1/bin/../lib/gcc/arm-none-eabi/5.4.1/../../../../arm-none-eabi/lib/armv7-m\libg_nano.a(lib_a-mprec.o)
                0x0000c2d6                _Bfree
 .text.__multadd
                0x0000c304       0x76 c:/program files (x86)/cypress/psoc creator/4.3/psoc creator/import/gnu/arm/5.4.1/bin/../lib/gcc/arm-none-eabi/5.4.1/../../../../arm-none-eabi/lib/armv7-m\libg_nano.a(lib_a-mprec.o)
                0x0000c304                __multadd
 .text.__hi0bits
                0x0000c37a       0x40 c:/program files (x86)/cypress/psoc creator/4.3/psoc creator/import/gnu/arm/5.4.1/bin/../lib/gcc/arm-none-eabi/5.4.1/../../../../arm-none-eabi/lib/armv7-m\libg_nano.a(lib_a-mprec.o)
                0x0000c37a                __hi0bits
 .text.__lo0bits
                0x0000c3ba       0x5a c:/program files (x86)/cypress/psoc creator/4.3/psoc creator/import/gnu/arm/5.4.1/bin/../lib/gcc/arm-none-eabi/5.4.1/../../../../arm-none-eabi/lib/armv7-m\libg_nano.a(lib_a-mprec.o)
                0x0000c3ba                __lo0bits
 .text.__i2b    0x0000c414       0x12 c:/program files (x86)/cypress/psoc creator/4.3/psoc creator/import/gnu/arm/5.4.1/bin/../lib/gcc/arm-none-eabi/5.4.1/../../../../arm-none-eabi/lib/armv7-m\libg_nano.a(lib_a-mprec.o)
                0x0000c414                __i2b
 .text.__multiply
                0x0000c426      0x120 c:/program files (x86)/cypress/psoc creator/4.3/psoc creator/import/gnu/arm/5.4.1/bin/../lib/gcc/arm-none-eabi/5.4.1/../../../../arm-none-eabi/lib/armv7-m\libg_nano.a(lib_a-mprec.o)
                0x0000c426                __multiply
 *fill*         0x0000c546        0x2 
 .text.__pow5mult
                0x0000c548       0x9c c:/program files (x86)/cypress/psoc creator/4.3/psoc creator/import/gnu/arm/5.4.1/bin/../lib/gcc/arm-none-eabi/5.4.1/../../../../arm-none-eabi/lib/armv7-m\libg_nano.a(lib_a-mprec.o)
                0x0000c548                __pow5mult
 .text.__lshift
                0x0000c5e4       0xa2 c:/program files (x86)/cypress/psoc creator/4.3/psoc creator/import/gnu/arm/5.4.1/bin/../lib/gcc/arm-none-eabi/5.4.1/../../../../arm-none-eabi/lib/armv7-m\libg_nano.a(lib_a-mprec.o)
                0x0000c5e4                __lshift
 .text.__mcmp   0x0000c686       0x38 c:/program files (x86)/cypress/psoc creator/4.3/psoc creator/import/gnu/arm/5.4.1/bin/../lib/gcc/arm-none-eabi/5.4.1/../../../../arm-none-eabi/lib/armv7-m\libg_nano.a(lib_a-mprec.o)
                0x0000c686                __mcmp
 .text.__mdiff  0x0000c6be       0xbe c:/program files (x86)/cypress/psoc creator/4.3/psoc creator/import/gnu/arm/5.4.1/bin/../lib/gcc/arm-none-eabi/5.4.1/../../../../arm-none-eabi/lib/armv7-m\libg_nano.a(lib_a-mprec.o)
                0x0000c6be                __mdiff
 .text.__d2b    0x0000c77c       0x9c c:/program files (x86)/cypress/psoc creator/4.3/psoc creator/import/gnu/arm/5.4.1/bin/../lib/gcc/arm-none-eabi/5.4.1/../../../../arm-none-eabi/lib/armv7-m\libg_nano.a(lib_a-mprec.o)
                0x0000c77c                __d2b
 .text._calloc_r
                0x0000c818       0x1c c:/program files (x86)/cypress/psoc creator/4.3/psoc creator/import/gnu/arm/5.4.1/bin/../lib/gcc/arm-none-eabi/5.4.1/../../../../arm-none-eabi/lib/armv7-m\libg_nano.a(lib_a-nano-callocr.o)
                0x0000c818                _calloc_r
 .text._free_r  0x0000c834       0x98 c:/program files (x86)/cypress/psoc creator/4.3/psoc creator/import/gnu/arm/5.4.1/bin/../lib/gcc/arm-none-eabi/5.4.1/../../../../arm-none-eabi/lib/armv7-m\libg_nano.a(lib_a-nano-freer.o)
                0x0000c834                _free_r
 .text._malloc_r
                0x0000c8cc       0xbc c:/program files (x86)/cypress/psoc creator/4.3/psoc creator/import/gnu/arm/5.4.1/bin/../lib/gcc/arm-none-eabi/5.4.1/../../../../arm-none-eabi/lib/armv7-m\libg_nano.a(lib_a-nano-mallocr.o)
                0x0000c8cc                _malloc_r
 .text.__ssputs_r
                0x0000c988       0xb2 c:/program files (x86)/cypress/psoc creator/4.3/psoc creator/import/gnu/arm/5.4.1/bin/../lib/gcc/arm-none-eabi/5.4.1/../../../../arm-none-eabi/lib/armv7-m\libg_nano.a(lib_a-nano-svfprintf.o)
                0x0000c988                __ssputs_r
 *fill*         0x0000ca3a        0x2 
 .text._svfprintf_r
                0x0000ca3c      0x1e8 c:/program files (x86)/cypress/psoc creator/4.3/psoc creator/import/gnu/arm/5.4.1/bin/../lib/gcc/arm-none-eabi/5.4.1/../../../../arm-none-eabi/lib/armv7-m\libg_nano.a(lib_a-nano-svfprintf.o)
                0x0000ca3c                _svfiprintf_r
                0x0000ca3c                _svfprintf_r
 .text._sbrk_r  0x0000cc24       0x20 c:/program files (x86)/cypress/psoc creator/4.3/psoc creator/import/gnu/arm/5.4.1/bin/../lib/gcc/arm-none-eabi/5.4.1/../../../../arm-none-eabi/lib/armv7-m\libg_nano.a(lib_a-sbrkr.o)
                0x0000cc24                _sbrk_r
 .text.memmove  0x0000cc44       0x36 c:/program files (x86)/cypress/psoc creator/4.3/psoc creator/import/gnu/arm/5.4.1/bin/../lib/gcc/arm-none-eabi/5.4.1/../../../../arm-none-eabi/lib/armv7-m\libg_nano.a(lib_a-memmove.o)
                0x0000cc44                memmove
 .text.__malloc_lock
                0x0000cc7a        0x2 c:/program files (x86)/cypress/psoc creator/4.3/psoc creator/import/gnu/arm/5.4.1/bin/../lib/gcc/arm-none-eabi/5.4.1/../../../../arm-none-eabi/lib/armv7-m\libg_nano.a(lib_a-mlock.o)
                0x0000cc7a                __malloc_lock
 .text.__malloc_unlock
                0x0000cc7c        0x2 c:/program files (x86)/cypress/psoc creator/4.3/psoc creator/import/gnu/arm/5.4.1/bin/../lib/gcc/arm-none-eabi/5.4.1/../../../../arm-none-eabi/lib/armv7-m\libg_nano.a(lib_a-mlock.o)
                0x0000cc7c                __malloc_unlock
 .text._realloc_r
                0x0000cc7e       0x4c c:/program files (x86)/cypress/psoc creator/4.3/psoc creator/import/gnu/arm/5.4.1/bin/../lib/gcc/arm-none-eabi/5.4.1/../../../../arm-none-eabi/lib/armv7-m\libg_nano.a(lib_a-nano-reallocr.o)
                0x0000cc7e                _realloc_r
 .text._malloc_usable_size_r
                0x0000ccca       0x14 c:/program files (x86)/cypress/psoc creator/4.3/psoc creator/import/gnu/arm/5.4.1/bin/../lib/gcc/arm-none-eabi/5.4.1/../../../../arm-none-eabi/lib/armv7-m\libg_nano.a(lib_a-nano-msizer.o)
                0x0000ccca                _malloc_usable_size_r
 *fill*         0x0000ccde        0x2 
 .text          0x0000cce0       0x2c c:/program files (x86)/cypress/psoc creator/4.3/psoc creator/import/gnu/arm/5.4.1/bin/../lib/gcc/arm-none-eabi/5.4.1/armv7-m\libgcc.a(_arm_unorddf2.o)
                0x0000cce0                __unorddf2
                0x0000cce0                __aeabi_dcmpun
 *(.plt)
 *(.gnu.warning)
 *(.glue_7t)
 .glue_7t       0x0000cd0c        0x0 linker stubs
 *(.glue_7)
 .glue_7        0x0000cd0c        0x0 linker stubs
 *(.vfp11_veneer)
 .vfp11_veneer  0x0000cd0c        0x0 linker stubs
 *(.bootloader)
 *(.ARM.extab* .gnu.linkonce.armextab.*)
 *(.gcc_except_table)

.v4_bx          0x0000cd0c        0x0
 .v4_bx         0x0000cd0c        0x0 linker stubs

.iplt           0x0000cd0c        0x0
 .iplt          0x0000cd0c        0x0 c:/program files (x86)/cypress/psoc creator/4.3/psoc creator/import/gnu/arm/5.4.1/bin/../lib/gcc/arm-none-eabi/5.4.1/armv7-m/crtbegin.o

.eh_frame_hdr
 *(.eh_frame_hdr)

.eh_frame       0x0000cd0c        0x4
 *(.eh_frame)
 .eh_frame      0x0000cd0c        0x0 c:/program files (x86)/cypress/psoc creator/4.3/psoc creator/import/gnu/arm/5.4.1/bin/../lib/gcc/arm-none-eabi/5.4.1/armv7-m/crtbegin.o
 .eh_frame      0x0000cd0c        0x4 c:/program files (x86)/cypress/psoc creator/4.3/psoc creator/import/gnu/arm/5.4.1/bin/../lib/gcc/arm-none-eabi/5.4.1/armv7-m/crtend.o
                [!provide]                PROVIDE (__exidx_start, .)

.ARM.exidx
 *(.ARM.exidx* .gnu.linkonce.armexidx.*)
                0x0000cd10                __exidx_end = .

.rodata         0x0000cd10     0x1010
 *(.rodata .rodata.* .gnu.linkonce.r.*)
 .rodata        0x0000cd10       0xb4 .\CortexM3\ARM_GCC_541\Debug\main.o
                0x0000cd10                texto
 .rodata.str1.4
                0x0000cdc4      0xb87 .\CortexM3\ARM_GCC_541\Debug\main.o
 *fill*         0x0000d94b        0x1 
 .rodata        0x0000d94c       0x96 .\CortexM3\ARM_GCC_541\Debug\cyfitter_cfg.o
                0x0000d94c                ADCMux_CYAMUXSIDE_A__addrTable
                0x0000d964                ADCMux_CYAMUXSIDE_A__maskTable
                0x0000d96c                ADCMux_CYAMUXSIDE_B__addrTable
                0x0000d984                ADCMux_CYAMUXSIDE_B__maskTable
                0x0000d98c                CurrentMux__addrTable
                0x0000d9a4                CurrentMux__maskTable
 *fill*         0x0000d9e2        0x2 
 .rodata.str1.4
                0x0000d9e4       0x14 .\CortexM3\ARM_GCC_541\Debug\IncubadoraRefrigerada.a(USBUART_std.o)
                                 0x11 (size before relaxing)
 .rodata        0x0000d9f8       0x30 .\CortexM3\ARM_GCC_541\Debug\IncubadoraRefrigerada.a(RTD.o)
 .rodata        0x0000da28      0x15e .\CortexM3\ARM_GCC_541\Debug\IncubadoraRefrigerada.a(USBUART_descr.o)
                0x0000da28                USBUART_TABLE
                0x0000da30                USBUART_DEVICE0_TABLE
                0x0000da48                USBUART_DEVICE0_CONFIGURATION0_TABLE
                0x0000da70                USBUART_DEVICE0_CONFIGURATION0_INTERFACE_CLASS
                0x0000da74                USBUART_DEVICE0_CONFIGURATION0_EP_SETTINGS_TABLE
                0x0000da8c                USBUART_SN_STRING_DESCRIPTOR
                0x0000da90                USBUART_STRING_DESCRIPTORS
                0x0000db30                USBUART_DEVICE0_CONFIGURATION0_DESCR
                0x0000db74                USBUART_DEVICE0_DESCR
 .rodata.str1.1
                0x0000db86        0x2 c:/program files (x86)/cypress/psoc creator/4.3/psoc creator/import/gnu/arm/5.4.1/bin/../lib/gcc/arm-none-eabi/5.4.1/../../../../arm-none-eabi/lib/armv7-m\libg_nano.a(lib_a-impure.o)
 .rodata.str1.1
                0x0000db88       0x12 c:/program files (x86)/cypress/psoc creator/4.3/psoc creator/import/gnu/arm/5.4.1/bin/../lib/gcc/arm-none-eabi/5.4.1/../../../../arm-none-eabi/lib/armv7-m\libg_nano.a(lib_a-nano-vfprintf_float.o)
 .rodata.str1.1
                0x0000db9a       0x22 c:/program files (x86)/cypress/psoc creator/4.3/psoc creator/import/gnu/arm/5.4.1/bin/../lib/gcc/arm-none-eabi/5.4.1/../../../../arm-none-eabi/lib/armv7-m\libg_nano.a(lib_a-nano-vfprintf_i.o)
 .rodata.str1.1
                0x0000dbbc        0xd c:/program files (x86)/cypress/psoc creator/4.3/psoc creator/import/gnu/arm/5.4.1/bin/../lib/gcc/arm-none-eabi/5.4.1/../../../../arm-none-eabi/lib/armv7-m\libg_nano.a(lib_a-dtoa.o)
                                  0xf (size before relaxing)
 .rodata.str1.1
                0x0000dbc9        0x8 c:/program files (x86)/cypress/psoc creator/4.3/psoc creator/import/gnu/arm/5.4.1/bin/../lib/gcc/arm-none-eabi/5.4.1/../../../../arm-none-eabi/lib/armv7-m\libg_nano.a(lib_a-locale.o)
                                  0xb (size before relaxing)
 *fill*         0x0000dbd1        0x7 
 .rodata.__mprec_tens
                0x0000dbd8       0xc8 c:/program files (x86)/cypress/psoc creator/4.3/psoc creator/import/gnu/arm/5.4.1/bin/../lib/gcc/arm-none-eabi/5.4.1/../../../../arm-none-eabi/lib/armv7-m\libg_nano.a(lib_a-mprec.o)
                0x0000dbd8                __mprec_tens
 .rodata.p05.5408
                0x0000dca0        0xc c:/program files (x86)/cypress/psoc creator/4.3/psoc creator/import/gnu/arm/5.4.1/bin/../lib/gcc/arm-none-eabi/5.4.1/../../../../arm-none-eabi/lib/armv7-m\libg_nano.a(lib_a-mprec.o)
 *fill*         0x0000dcac        0x4 
 .rodata.__mprec_bigtens
                0x0000dcb0       0x28 c:/program files (x86)/cypress/psoc creator/4.3/psoc creator/import/gnu/arm/5.4.1/bin/../lib/gcc/arm-none-eabi/5.4.1/../../../../arm-none-eabi/lib/armv7-m\libg_nano.a(lib_a-mprec.o)
                0x0000dcb0                __mprec_bigtens
 .rodata.str1.1
                0x0000dcd8       0x11 c:/program files (x86)/cypress/psoc creator/4.3/psoc creator/import/gnu/arm/5.4.1/bin/../lib/gcc/arm-none-eabi/5.4.1/../../../../arm-none-eabi/lib/armv7-m\libg_nano.a(lib_a-nano-svfprintf.o)
                0x0000dcec                . = ALIGN (0x4)
 *fill*         0x0000dce9        0x3 
 *(.init)
 .init          0x0000dcec        0x4 c:/program files (x86)/cypress/psoc creator/4.3/psoc creator/import/gnu/arm/5.4.1/bin/../lib/gcc/arm-none-eabi/5.4.1/armv7-m/crti.o
                0x0000dcec                _init
 .init          0x0000dcf0        0x8 c:/program files (x86)/cypress/psoc creator/4.3/psoc creator/import/gnu/arm/5.4.1/bin/../lib/gcc/arm-none-eabi/5.4.1/armv7-m/crtn.o
                0x0000dcf8                . = ALIGN (0x4)
                0x0000dcf8                __preinit_array_start = .
 *(.preinit_array)
                0x0000dcf8                __preinit_array_end = .
                0x0000dcf8                . = ALIGN (0x4)
                0x0000dcf8                __init_array_start = .
 *(SORT(.init_array.*))
 *(.init_array)
 .init_array    0x0000dcf8        0x4 c:/program files (x86)/cypress/psoc creator/4.3/psoc creator/import/gnu/arm/5.4.1/bin/../lib/gcc/arm-none-eabi/5.4.1/armv7-m/crtbegin.o
 .init_array    0x0000dcfc        0x4 .\CortexM3\ARM_GCC_541\Debug\Cm3Start.o
                0x0000dd00                __init_array_end = .
                0x0000dd00                . = ALIGN (0x4)
 *(.fini)
 .fini          0x0000dd00        0x4 c:/program files (x86)/cypress/psoc creator/4.3/psoc creator/import/gnu/arm/5.4.1/bin/../lib/gcc/arm-none-eabi/5.4.1/armv7-m/crti.o
                0x0000dd00                _fini
 .fini          0x0000dd04        0x8 c:/program files (x86)/cypress/psoc creator/4.3/psoc creator/import/gnu/arm/5.4.1/bin/../lib/gcc/arm-none-eabi/5.4.1/armv7-m/crtn.o
                0x0000dd0c                . = ALIGN (0x4)
                0x0000dd0c                __fini_array_start = .
 *(.fini_array)
 .fini_array    0x0000dd0c        0x4 c:/program files (x86)/cypress/psoc creator/4.3/psoc creator/import/gnu/arm/5.4.1/bin/../lib/gcc/arm-none-eabi/5.4.1/armv7-m/crtbegin.o
 *(SORT(.fini_array.*))
                0x0000dd10                __fini_array_end = .
                0x0000dd10                . = ALIGN (0x4)
 *crtbegin.o(.ctors)
 *(EXCLUDE_FILE(*crtend.o) .ctors)
 *(SORT(.ctors.*))
 *crtend.o(.ctors)
                0x0000dd10                . = ALIGN (0x4)
 *crtbegin.o(.dtors)
 *(EXCLUDE_FILE(*crtend.o) .dtors)
 *(SORT(.dtors.*))
 *crtend.o(.dtors)
                0x0000dd10                . = ALIGN (0x4)
                0x0000dd10                __cy_regions = .
                0x0000dd10        0x4 LONG 0xdd20 __cy_region_init_ram
                0x0000dd14        0x4 LONG 0x1fff80c8 __cy_region_start_data
                0x0000dd18        0x4 LONG 0x120 __cy_region_init_size_ram
                0x0000dd1c        0x4 LONG 0xb58 __cy_region_zero_size_ram
                0x0000dd20                __cy_regions_end = .
                0x0000dd20                . = ALIGN (0x8)
                0x0000dd20                _etext = .

.cy_checksum_exclude
                0x0000dd20        0x0
 *(.cy_checksum_exclude)

.ramvectors     0x1fff8000       0xc0
                0x1fff8000                __cy_region_start_ram = .
 *(.ramvectors)
 .ramvectors    0x1fff8000       0xc0 .\CortexM3\ARM_GCC_541\Debug\Cm3Start.o
                0x1fff8000                CyRamVectors

.noinit         0x1fff80c0        0x1
 *(.noinit)
 .noinit        0x1fff80c0        0x1 .\CortexM3\ARM_GCC_541\Debug\IncubadoraRefrigerada.a(CyLib.o)
                0x1fff80c0                CyResetStatus

.data           0x1fff80c8      0x120 load address 0x0000dd20
                0x1fff80c8                __cy_region_start_data = .
 *(.jcr)
 .jcr           0x1fff80c8        0x0 c:/program files (x86)/cypress/psoc creator/4.3/psoc creator/import/gnu/arm/5.4.1/bin/../lib/gcc/arm-none-eabi/5.4.1/armv7-m/crtbegin.o
 .jcr           0x1fff80c8        0x4 c:/program files (x86)/cypress/psoc creator/4.3/psoc creator/import/gnu/arm/5.4.1/bin/../lib/gcc/arm-none-eabi/5.4.1/armv7-m/crtend.o
 *(.got.plt)
 *(.got)
 *(.shdata)
 *(.data .data.* .gnu.linkonce.d.*)
 .data          0x1fff80cc       0x3c .\CortexM3\ARM_GCC_541\Debug\main.o
                0x1fff80cc                penMufla
                0x1fff80d0                iconoGrande
                0x1fff80e0                iconoPeque
                0x1fff80f0                Bisiesto
                0x1fff80fc                Regular
 .data          0x1fff8108        0x4 .\CortexM3\ARM_GCC_541\Debug\Cm3Start.o
 .data          0x1fff810c        0x8 .\CortexM3\ARM_GCC_541\Debug\IncubadoraRefrigerada.a(CyDmac.o)
 .data          0x1fff8114       0x10 .\CortexM3\ARM_GCC_541\Debug\IncubadoraRefrigerada.a(CyLib.o)
                0x1fff8114                cydelay_32k_ms
                0x1fff8118                cydelay_freq_khz
                0x1fff811c                cydelay_freq_mhz
                0x1fff8120                cydelay_freq_hz
 .data          0x1fff8124        0x1 .\CortexM3\ARM_GCC_541\Debug\IncubadoraRefrigerada.a(ADC.o)
                0x1fff8124                ADC_Config
 *fill*         0x1fff8125        0x3 
 .data          0x1fff8128       0x1a .\CortexM3\ARM_GCC_541\Debug\IncubadoraRefrigerada.a(USBUART_cdc.o)
                0x1fff8128                USBUART_linesCoding
 .data          0x1fff8142        0x1 .\CortexM3\ARM_GCC_541\Debug\IncubadoraRefrigerada.a(ADCMux.o)
 .data          0x1fff8143        0x2 .\CortexM3\ARM_GCC_541\Debug\IncubadoraRefrigerada.a(ADC_SAR.o)
 .data          0x1fff8145        0x1 .\CortexM3\ARM_GCC_541\Debug\IncubadoraRefrigerada.a(CurrentMux.o)
 .data          0x1fff8146        0x1 .\CortexM3\ARM_GCC_541\Debug\IncubadoraRefrigerada.a(ADC_SAR_TempBuf_dma.o)
                0x1fff8146                ADC_SAR_TempBuf_DmaHandle
 .data          0x1fff8147        0x1 .\CortexM3\ARM_GCC_541\Debug\IncubadoraRefrigerada.a(ADC_SAR_FinalBuf_dma.o)
                0x1fff8147                ADC_SAR_FinalBuf_DmaHandle
 .data.impure_data
                0x1fff8148       0x60 c:/program files (x86)/cypress/psoc creator/4.3/psoc creator/import/gnu/arm/5.4.1/bin/../lib/gcc/arm-none-eabi/5.4.1/../../../../arm-none-eabi/lib/armv7-m\libg_nano.a(lib_a-impure.o)
 .data._impure_ptr
                0x1fff81a8        0x4 c:/program files (x86)/cypress/psoc creator/4.3/psoc creator/import/gnu/arm/5.4.1/bin/../lib/gcc/arm-none-eabi/5.4.1/../../../../arm-none-eabi/lib/armv7-m\libg_nano.a(lib_a-impure.o)
                0x1fff81a8                _impure_ptr
 .data.lconv    0x1fff81ac       0x38 c:/program files (x86)/cypress/psoc creator/4.3/psoc creator/import/gnu/arm/5.4.1/bin/../lib/gcc/arm-none-eabi/5.4.1/../../../../arm-none-eabi/lib/armv7-m\libg_nano.a(lib_a-locale.o)
                0x1fff81e8                . = ALIGN (0x8)
 *fill*         0x1fff81e4        0x4 
 *(.ram)
                0x1fff81e8                _edata = .

.igot.plt       0x1fff81e8        0x0 load address 0x0000de40
 .igot.plt      0x1fff81e8        0x0 c:/program files (x86)/cypress/psoc creator/4.3/psoc creator/import/gnu/arm/5.4.1/bin/../lib/gcc/arm-none-eabi/5.4.1/armv7-m/crtbegin.o

.bss            0x1fff81e8      0xb58 load address 0x0000de40
                0x1fff81e8                PROVIDE (__bss_start__, .)
 *(.shbss)
 *(.bss .bss.* .gnu.linkonce.b.*)
 .bss           0x1fff81e8       0x1c c:/program files (x86)/cypress/psoc creator/4.3/psoc creator/import/gnu/arm/5.4.1/bin/../lib/gcc/arm-none-eabi/5.4.1/armv7-m/crtbegin.o
 .bss           0x1fff8204       0x19 .\CortexM3\ARM_GCC_541\Debug\main.o
                0x1fff8204                RX_Wr_Index
                0x1fff8208                X
                0x1fff8210                MesTx
                0x1fff8211                DiaTx
                0x1fff8212                YearTx
                0x1fff8213                HoraTx
                0x1fff8214                MinutoTx
                0x1fff8215                dowTx
                0x1fff8216                dataReady
                0x1fff8217                RX_Counter2
                0x1fff8218                RX_Rd_Index2
                0x1fff8219                RX_Wr_Index2
                0x1fff821a                RX_Counter
                0x1fff821b                RX_Rd_Index
                0x1fff821c                first
 *fill*         0x1fff821d        0x3 
 .bss           0x1fff8220        0xc .\CortexM3\ARM_GCC_541\Debug\removeOffsetNoise.o
 .bss           0x1fff822c        0x8 .\CortexM3\ARM_GCC_541\Debug\IncubadoraRefrigerada.a(ADC.o)
                0x1fff8230                ADC_stopConversion
                0x1fff8231                ADC_convDone
                0x1fff8232                ADC_initVar
                0x1fff8233                ADC_started
 .bss           0x1fff8234        0x1 .\CortexM3\ARM_GCC_541\Debug\IncubadoraRefrigerada.a(USBUART.o)
                0x1fff8234                USBUART_initVar
 .bss           0x1fff8235        0x1 .\CortexM3\ARM_GCC_541\Debug\IncubadoraRefrigerada.a(USBUART_cdc.o)
 *fill*         0x1fff8236        0x2 
 .bss           0x1fff8238        0x2 .\CortexM3\ARM_GCC_541\Debug\IncubadoraRefrigerada.a(USBUART_std.o)
 .bss           0x1fff823a        0x2 .\CortexM3\ARM_GCC_541\Debug\IncubadoraRefrigerada.a(UART_1.o)
                0x1fff823a                UART_1_initVar
 .bss           0x1fff823c        0x1 .\CortexM3\ARM_GCC_541\Debug\IncubadoraRefrigerada.a(Timer.o)
                0x1fff823c                Timer_initVar
 *fill*         0x1fff823d        0x3 
 .bss           0x1fff8240        0xc .\CortexM3\ARM_GCC_541\Debug\IncubadoraRefrigerada.a(ADC_SAR.o)
                0x1fff8248                ADC_SAR_initVar
 .bss           0x1fff824c        0x1 .\CortexM3\ARM_GCC_541\Debug\IncubadoraRefrigerada.a(I2C.o)
                0x1fff824c                I2C_initVar
 .bss           0x1fff824d        0x1 .\CortexM3\ARM_GCC_541\Debug\IncubadoraRefrigerada.a(Timer2.o)
                0x1fff824d                Timer2_initVar
 .bss           0x1fff824e        0x1 .\CortexM3\ARM_GCC_541\Debug\IncubadoraRefrigerada.a(IDAC.o)
                0x1fff824e                IDAC_initVar
 .bss           0x1fff824f        0x1 .\CortexM3\ARM_GCC_541\Debug\IncubadoraRefrigerada.a(ADC_SAR_SAR.o)
                0x1fff824f                ADC_SAR_SAR_initVar
 .bss           0x1fff8250        0x8 .\CortexM3\ARM_GCC_541\Debug\IncubadoraRefrigerada.a(CySpc.o)
                0x1fff8250                SpcLockState
 .bss.__malloc_sbrk_start
                0x1fff8258        0x4 c:/program files (x86)/cypress/psoc creator/4.3/psoc creator/import/gnu/arm/5.4.1/bin/../lib/gcc/arm-none-eabi/5.4.1/../../../../arm-none-eabi/lib/armv7-m\libg_nano.a(lib_a-nano-mallocr.o)
                0x1fff8258                __malloc_sbrk_start
 .bss.__malloc_free_list
                0x1fff825c        0x4 c:/program files (x86)/cypress/psoc creator/4.3/psoc creator/import/gnu/arm/5.4.1/bin/../lib/gcc/arm-none-eabi/5.4.1/../../../../arm-none-eabi/lib/armv7-m\libg_nano.a(lib_a-nano-mallocr.o)
                0x1fff825c                __malloc_free_list
 *(COMMON)
 COMMON         0x1fff8260      0x9d4 .\CortexM3\ARM_GCC_541\Debug\main.o
                0x1fff8260                HorasActual
                0x1fff8264                promedioT2
                0x1fff83cc                Minutos
                0x1fff83ce                tEnvioUSB
                0x1fff83d0                Finalizo
                0x1fff83d4                Tpulsomin2
                0x1fff83d8                GananciaR
                0x1fff83dc                tmp
                0x1fff83e0                GananciaIn
                0x1fff83e4                presmV
                0x1fff83e6                conteoPregunta
                0x1fff83e8                mensaje
                0x1fff83ea                flag_clear2
                0x1fff83ec                Pausa
                0x1fff83ee                decTemphf
                0x1fff83f0                Opcion2
                0x1fff83f1                pwm1
                0x1fff83f2                estadoCR1
                0x1fff83f4                SetpointHAnt
                0x1fff83f6                envioUSB
                0x1fff83f8                Succion
                0x1fff83fa                Dato2
                0x1fff83fb                T1Humedad
                0x1fff83fc                Minuto
                0x1fff83fd                pwm2
                0x1fff83fe                flagButton2
                0x1fff8400                Aumento
                0x1fff8404                Control
                0x1fff8406                n
                0x1fff8407                Dato_Exitoso
                0x1fff8408                MediaMovil2
                0x1fff8409                MenuAnt
                0x1fff840a                EstadoPaso
                0x1fff840c                Segmento
                0x1fff840d                Dato3
                0x1fff840e                Segmentos
                0x1fff840f                Ajusten2
                0x1fff8410                TpulsoMax2
                0x1fff8414                f
                0x1fff8418                Rx_Buffer3
                0x1fff8424                flagBorrado
                0x1fff8426                imprime
                0x1fff8428                tiempoup
                0x1fff842a                PantallaPrincipal
                0x1fff842c                Temperature
                0x1fff8430                Test
                0x1fff8432                flagup
                0x1fff8434                humidificador
                0x1fff8438                output
                0x1fff843c                entero
                0x1fff843e                adcReading
                0x1fff8440                dehumidificador
                0x1fff8444                vacio
                0x1fff8448                hEstp
                0x1fff844c                tcColdJnuVolt
                0x1fff8450                ctr
                0x1fff8454                Setpoint
                0x1fff8458                Temperatura
                0x1fff845c                dibujo
                0x1fff8460                displayStr
                0x1fff84c4                pwmPeltier
                0x1fff84c8                Enfria
                0x1fff84cc                Setpoint1
                0x1fff84d0                Lectura
                0x1fff84d2                Derivativo
                0x1fff84d3                Dato_Exitoso2
                0x1fff84d4                TiempoControl
                0x1fff84d6                entro
                0x1fff84d8                inicioControlT
                0x1fff84dc                tcHotJnuVolt
                0x1fff84e0                tcTemp
                0x1fff84e4                tiempos
                0x1fff84e6                tiemporeset
                0x1fff84e8                Temperature2
                0x1fff84ec                x100
                0x1fff84ee                tiempos3
                0x1fff84f0                tcuVolt
                0x1fff84f4                filt
                0x1fff84f8                valor
                0x1fff84fc                dow
                0x1fff8500                DifPendiente
                0x1fff8504                l
                0x1fff8505                k
                0x1fff8506                pulsoAumentar
                0x1fff8508                V1
                0x1fff850c                Prom
                0x1fff8510                flagControlH
                0x1fff8512                estadoSSR
                0x1fff8514                flagTemperatura
                0x1fff8516                Inicio
                0x1fff8518                Potencia
                0x1fff851c                promedio2
                0x1fff856c                tinicio
                0x1fff8570                Pendiente
                0x1fff8574                flagVacio
                0x1fff8576                SetpointH
                0x1fff8578                tGrafica
                0x1fff857c                l2
                0x1fff857d                Ajusten
                0x1fff857e                CicloLibre
                0x1fff857f                MenuAntt2
                0x1fff8580                TpulsoMax
                0x1fff8584                Altitude
                0x1fff8588                flagusb
                0x1fff858c                Temperatura2
                0x1fff8590                Humidificar
                0x1fff8592                hEstpAnt
                0x1fff8593                z
                0x1fff8594                presionHorno
                0x1fff8598                rtdRes
                0x1fff85a0                Tam
                0x1fff85a4                tiempo_esterilizacion
                0x1fff85a6                TiempoActual
                0x1fff85a8                pulsoDisminuir
                0x1fff85aa                h2
                0x1fff85ac                Tc
                0x1fff85ae                flagFinalizo
                0x1fff85b0                i
                0x1fff85b4                Rx_Buffer2
                0x1fff85c0                flagHumedad
                0x1fff85c2                controlR
                0x1fff85c4                Setpoint2
                0x1fff85c8                flag_tiempocalentamiento
                0x1fff85ca                Ajuste
                0x1fff85cb                ll
                0x1fff85cc                Segundo
                0x1fff85d0                Prom2
                0x1fff85d4                PotenciaEntregada
                0x1fff85d8                rtc2
                0x1fff85e0                TipoClave
                0x1fff85e1                temperaturaSeleccionada
                0x1fff85e4                filHotJnCount
                0x1fff85e8                TempeInicial
                0x1fff85ec                rampas
                0x1fff86dc                tiempocalentamiento
                0x1fff86de                tPregunta
                0x1fff86e0                Tpulso
                0x1fff86e4                Controlando
                0x1fff86e6                coldJnTemp
                0x1fff86e8                GuardaEEPROM
                0x1fff86ea                hEst
                0x1fff86ec                Temporal
                0x1fff86f0                flag_clear
                0x1fff86f2                flagButton1
                0x1fff86f4                SetpointAnt
                0x1fff86f8                MinutosActual
                0x1fff86fa                mEstpAnt
                0x1fff86fc                estadoCR2
                0x1fff86fe                Inicio2
                0x1fff8700                promedioH
                0x1fff8840                flag_ajuste2
                0x1fff8842                Dia
                0x1fff8844                tiempoctrl
                0x1fff8846                Opcion
                0x1fff8847                controlT
                0x1fff8848                RH2
                0x1fff884c                PendienteActual
                0x1fff8850                Setpoint3
                0x1fff8854                flagButton0
                0x1fff8856                flag_calcula
                0x1fff8858                Rx_Buffer
                0x1fff8864                Tp
                0x1fff8866                flag_ajuste